---
source: crates/shinier_rb_formatter/tests/snapshot_test.rs
assertion_line: 509
expression: output
input_file: crates/shinier_rb_formatter/tests/ruby/node/flip_flop_node.rb
---
****FORMATTED****
if foo .. bar
  baz
end
if foo ... bar
  baz
end

****AST****
ProgramNode: "baz if foo .. bar\nbaz if foo ... bar"
__IfNode: "baz if foo .. bar"
____FlipFlopNode: "foo .. bar"
______CallNode: "foo"
______CallNode: "bar"
____CallNode: "baz"
__IfNode: "baz if foo ... bar"
____FlipFlopNode: "foo ... bar"
______CallNode: "foo"
______CallNode: "bar"
____CallNode: "baz"
