---
source: crates/shinier_rb_formatter/tests/snapshot_test.rs
assertion_line: 509
expression: output
input_file: crates/shinier_rb_formatter/tests/ruby/node/until_node.rb
---
****FORMATTED****
until foo
  bar
end
until foo
  bar
end
begin
  puts(x)
end until x.>(10)

****AST****
ProgramNode: "bar until foo\nuntil foo do bar end\n\nbegin\n  puts x\nend until x > 10"
__UntilNode: "bar until foo"
____CallNode: "foo"
____CallNode: "bar"
__UntilNode: "until foo do bar end"
____CallNode: "foo"
____CallNode: "bar"
__UntilNode: "begin\n  puts x\nend until x > 10"
____CallNode: "x > 10"
______CallNode: "x"
______IntegerNode: "10"
____BeginNode: "begin\n  puts x\nend"
______CallNode: "puts x"
________CallNode: "x"
