---
source: crates/shinier_rb_formatter/tests/snapshot_test.rs
assertion_line: 9
expression: output
input_file: crates/shinier_rb_formatter/tests/ruby/node/hash_node.rb
---
{ a => b }
{ a => b, c => d }
{
  a => b,
  c => d,
  e => f,
  g => h,
  i => j,
  k => l,
  m => n,
  o => p,
  q => r,
  s => t,
  u => v,
  w => x,
  y => z
}
{ a: b }
{ a: b, c: d }
{
  a: b,
  c: d,
  e: f,
  g: h,
  i: j,
  k: l,
  m: n,
  o: p,
  q: r,
  s: t,
  u: v,
  w: x,
  y: z
}
