---
source: crates/shinier_rb_formatter/tests/snapshot_test.rs
assertion_line: 220
expression: output
input_file: crates/shinier_rb_formatter/tests/ruby/node_variants/array_node.rb
---
****FORMATTED****
[1, 2, 3]

# empty array
[]

# single element array
[1]

# unnecessary commas
[1]

# unnecessary line breaks
[1]

# long array
[
  1000,
  2000,
  3000,
  4000,
  5000,
  6000,
  7000,
  8000,
  9000,
  10000,
  11000,
  12000,
  13000,
  14000,
  15000,
  16000,
  17000,
  18000,
  19000,
  20000
]

[
  1, # trailing comment 1
  2, # trailing comment 2
  # owning comment
  3
] # trailing comment 3

# percent literal arrays
%w[foo bar]
%W[foo #{bar}]
%i[foo bar]
%I[foo #{bar}]

# excessive percent literal arrays
[]
%w[foo, bar]
[]
%i[foo, bar]

# recommended percent literal arrays
%w[foo bar]
%i[foo bar]

# not recommended percent literal arrays
['foo']
[:foo]
['foo', :bar]

# escape sequences in percent literal arrays
%w[foo\sbar\t baz\n]


****AST****
ProgramNode[0-721]: "[1, 2, 3]\n\n# empty array\n[]\n\n# single element array\n[1]\n\n# unnecessary commas\n[1,]\n\n# unnecessary line breaks\n[\n  1\n]\n\n# long array\n[1000, 2000, 3000, 4000, 5000, 6000, 7000, 8000, 9000, 10000, 11000, 12000, 13000, 14000, 15000, 16000, 17000, 18000, 19000, 20000]\n\n[\n  1, # trailing comment 1\n  2, # trailing comment 2\n  # owning comment\n  3,\n] # trailing comment 3\n\n# percent literal arrays\n%w(foo bar)\n%W[foo #{bar}]\n%i{foo bar}\n%I\\foo #{bar}\\\n\n# excessive percent literal arrays\n%w()\n%W(foo, bar)\n%i()\n%I(foo, bar)\n\n# recommended percent literal arrays\n[\"foo\", \"bar\"]\n[:foo, :bar]\n\n# not recommended percent literal arrays\n[\"foo\"]\n[:foo]\n[\"foo\", :bar]\n\n# escape sequences in percent literal arrays\n%w(foo\\ bar\\t baz\\n)"
__StatementsNode[0-721]: "[1, 2, 3]\n\n# empty array\n[]\n\n# single element array\n[1]\n\n# unnecessary commas\n[1,]\n\n# unnecessary line breaks\n[\n  1\n]\n\n# long array\n[1000, 2000, 3000, 4000, 5000, 6000, 7000, 8000, 9000, 10000, 11000, 12000, 13000, 14000, 15000, 16000, 17000, 18000, 19000, 20000]\n\n[\n  1, # trailing comment 1\n  2, # trailing comment 2\n  # owning comment\n  3,\n] # trailing comment 3\n\n# percent literal arrays\n%w(foo bar)\n%W[foo #{bar}]\n%i{foo bar}\n%I\\foo #{bar}\\\n\n# excessive percent literal arrays\n%w()\n%W(foo, bar)\n%i()\n%I(foo, bar)\n\n# recommended percent literal arrays\n[\"foo\", \"bar\"]\n[:foo, :bar]\n\n# not recommended percent literal arrays\n[\"foo\"]\n[:foo]\n[\"foo\", :bar]\n\n# escape sequences in percent literal arrays\n%w(foo\\ bar\\t baz\\n)"
____ArrayNode[0-9]: "[1, 2, 3]"
______IntegerNode[1-2]: "1"
______IntegerNode[4-5]: "2"
______IntegerNode[7-8]: "3"
____ArrayNode[25-27]: "[]"
____ArrayNode[52-55]: "[1]"
______IntegerNode[53-54]: "1"
____ArrayNode[78-82]: "[1,]"
______IntegerNode[79-80]: "1"
____ArrayNode[110-117]: "[\n  1\n]"
______IntegerNode[114-115]: "1"
____ArrayNode[132-263]: "[1000, 2000, 3000, 4000, 5000, 6000, 7000, 8000, 9000, 10000, 11000, 12000, 13000, 14000, 15000, 16000, 17000, 18000, 19000, 20000]"
______IntegerNode[133-137]: "1000"
______IntegerNode[139-143]: "2000"
______IntegerNode[145-149]: "3000"
______IntegerNode[151-155]: "4000"
______IntegerNode[157-161]: "5000"
______IntegerNode[163-167]: "6000"
______IntegerNode[169-173]: "7000"
______IntegerNode[175-179]: "8000"
______IntegerNode[181-185]: "9000"
______IntegerNode[187-192]: "10000"
______IntegerNode[194-199]: "11000"
______IntegerNode[201-206]: "12000"
______IntegerNode[208-213]: "13000"
______IntegerNode[215-220]: "14000"
______IntegerNode[222-227]: "15000"
______IntegerNode[229-234]: "16000"
______IntegerNode[236-241]: "17000"
______IntegerNode[243-248]: "18000"
______IntegerNode[250-255]: "19000"
______IntegerNode[257-262]: "20000"
____ArrayNode[265-344]: "[\n  1, # trailing comment 1\n  2, # trailing comment 2\n  # owning comment\n  3,\n]"
______IntegerNode[269-270]: "1"
______IntegerNode[295-296]: "2"
______IntegerNode[340-341]: "3"
____ArrayNode[392-403]: "%w(foo bar)"
______StringNode[395-398]: "foo"
______StringNode[399-402]: "bar"
____ArrayNode[404-418]: "%W[foo #{bar}]"
______StringNode[407-410]: "foo"
______InterpolatedStringNode[411-417]: "#{bar}"
________EmbeddedStatementsNode[411-417]: "#{bar}"
__________StatementsNode[413-416]: "bar"
____________CallNode[413-416]: "bar"
____ArrayNode[419-430]: "%i{foo bar}"
______SymbolNode[422-425]: "foo"
______SymbolNode[426-429]: "bar"
____ArrayNode[431-445]: "%I\\foo #{bar}\\"
______SymbolNode[434-437]: "foo"
______InterpolatedSymbolNode[438-444]: "#{bar}"
________EmbeddedStatementsNode[438-444]: "#{bar}"
__________StatementsNode[440-443]: "bar"
____________CallNode[440-443]: "bar"
____ArrayNode[482-486]: "%w()"
____ArrayNode[487-499]: "%W(foo, bar)"
______StringNode[490-494]: "foo,"
______StringNode[495-498]: "bar"
____ArrayNode[500-504]: "%i()"
____ArrayNode[505-517]: "%I(foo, bar)"
______SymbolNode[508-512]: "foo,"
______SymbolNode[513-516]: "bar"
____ArrayNode[556-570]: "[\"foo\", \"bar\"]"
______StringNode[557-562]: "\"foo\""
______StringNode[564-569]: "\"bar\""
____ArrayNode[571-583]: "[:foo, :bar]"
______SymbolNode[572-576]: ":foo"
______SymbolNode[578-582]: ":bar"
____ArrayNode[626-633]: "[\"foo\"]"
______StringNode[627-632]: "\"foo\""
____ArrayNode[634-640]: "[:foo]"
______SymbolNode[635-639]: ":foo"
____ArrayNode[641-654]: "[\"foo\", :bar]"
______StringNode[642-647]: "\"foo\""
______SymbolNode[649-653]: ":bar"
____ArrayNode[701-721]: "%w(foo\\ bar\\t baz\\n)"
______StringNode[704-714]: "foo\\ bar\\t"
______StringNode[715-720]: "baz\\n"
