---
source: crates/shinier_rb_formatter/tests/snapshot_test.rs
assertion_line: 218
expression: output
input_file: crates/shinier_rb_formatter/tests/ruby/node_variants/alias_method_node.rb
---
****FORMATTED****
alias_method :foo, :bar

# unnecessary line break
alias_method :foo, :bar

# long expression
alias_method(
  :foofoofoofoofoofoofoofoofoofoofoofoofoofoofoofoofoofoofoofoo,
  :barbarbarbarbarbarbarbarbarbarbarbarbarbarbarbarbarbarbarbar
)

# owning comment
alias_method :foo, :bar
# owning comment 1
# owning comment 2
alias_method :foo, :bar
# block comment 1
# block comment 2
alias_method :foo, :bar
# block comment 1
# block comment 2
alias_method :foofoofoofoofoofoofoofoofoofoofoofoofoofoofoofoofoofoofoofoo, :barbarbarbarbarbarbarbarbarbarbarbarbarbarbarbarbarbarbarbar
alias_method :foo, :bar # trailing comment
alias_method(
  :foofoofoofoofoofoofoofoofoofoofoofoofoofoofoofoofoofoofoofoo,
  :barbarbarbarbarbarbarbarbarbarbarbarbarbarbarbarbarbarbarbar # trailing comment
)


****AST****
ProgramNode[0-691]: "alias foo bar\n\n# unnecessary line break\nalias\n  foo bar\n\n# long expression\nalias foofoofoofoofoofoofoofoofoofoofoofoofoofoofoofoofoofoofoofoo barbarbarbarbarbarbarbarbarbarbarbarbarbarbarbarbarbarbarbar\n\nalias\n  # owning comment\n  foo bar\nalias\n  # owning comment 1\n  # owning comment 2\n  foo bar\nalias\n=begin\nblock comment 1\nblock comment 2\n=end\n  foo bar\nalias\n=begin\nblock comment 1\nblock comment 2\n=end\n  foofoofoofoofoofoofoofoofoofoofoofoofoofoofoofoofoofoofoofoo barbarbarbarbarbarbarbarbarbarbarbarbarbarbarbarbarbarbarbar\nalias foo bar # trailing comment\nalias foofoofoofoofoofoofoofoofoofoofoofoofoofoofoofoofoofoofoofoo barbarbarbarbarbarbarbarbarbarbarbarbarbarbarbarbarbarbarbar"
__AliasMethodNode[0-13]: "alias foo bar"
____SymbolNode[6-9]: "foo"
____SymbolNode[10-13]: "bar"
__AliasMethodNode[40-55]: "alias\n  foo bar"
____SymbolNode[48-51]: "foo"
____SymbolNode[52-55]: "bar"
__AliasMethodNode[75-202]: "alias foofoofoofoofoofoofoofoofoofoofoofoofoofoofoofoofoofoofoofoo barbarbarbarbarbarbarbarbarbarbarbarbarbarbarbarbarbarbarbar"
____SymbolNode[81-141]: "foofoofoofoofoofoofoofoofoofoofoofoofoofoofoofoofoofoofoofoo"
____SymbolNode[142-202]: "barbarbarbarbarbarbarbarbarbarbarbarbarbarbarbarbarbarbarbar"
__AliasMethodNode[204-238]: "alias\n  # owning comment\n  foo bar"
____SymbolNode[231-234]: "foo"
____SymbolNode[235-238]: "bar"
__AliasMethodNode[239-296]: "alias\n  # owning comment 1\n  # owning comment 2\n  foo bar"
____SymbolNode[289-292]: "foo"
____SymbolNode[293-296]: "bar"
__AliasMethodNode[297-356]: "alias\n=begin\nblock comment 1\nblock comment 2\n=end\n  foo bar"
____SymbolNode[349-352]: "foo"
____SymbolNode[353-356]: "bar"
__AliasMethodNode[357-530]: "alias\n=begin\nblock comment 1\nblock comment 2\n=end\n  foofoofoofoofoofoofoofoofoofoofoofoofoofoofoofoofoofoofoofoo barbarbarbarbarbarbarbarbarbarbarbarbarbarbarbarbarbarbarbar"
____SymbolNode[409-469]: "foofoofoofoofoofoofoofoofoofoofoofoofoofoofoofoofoofoofoofoo"
____SymbolNode[470-530]: "barbarbarbarbarbarbarbarbarbarbarbarbarbarbarbarbarbarbarbar"
__AliasMethodNode[531-544]: "alias foo bar"
____SymbolNode[537-540]: "foo"
____SymbolNode[541-544]: "bar"
__AliasMethodNode[564-691]: "alias foofoofoofoofoofoofoofoofoofoofoofoofoofoofoofoofoofoofoofoo barbarbarbarbarbarbarbarbarbarbarbarbarbarbarbarbarbarbarbar"
____SymbolNode[570-630]: "foofoofoofoofoofoofoofoofoofoofoofoofoofoofoofoofoofoofoofoo"
____SymbolNode[631-691]: "barbarbarbarbarbarbarbarbarbarbarbarbarbarbarbarbarbarbarbar"
