---
source: crates/shinier_rb_formatter/tests/snapshot_test.rs
assertion_line: 509
expression: output
input_file: crates/shinier_rb_formatter/tests/ruby/node/implicit_node.rb
---
****FORMATTED****
{ foo: foo }
{ Foo: Foo }
foo in { bar: bar }

****AST****
ProgramNode: "{ foo: }\n{ Foo: }\nfoo in { bar: }"
__HashNode: "{ foo: }"
____AssocNode: "foo:"
______SymbolNode: "foo:"
______ImplicitNode: "foo:"
________CallNode: "foo:"
__HashNode: "{ Foo: }"
____AssocNode: "Foo:"
______SymbolNode: "Foo:"
______ImplicitNode: "Foo:"
________ConstantReadNode: "Foo:"
__MatchPredicateNode: "foo in { bar: }"
____CallNode: "foo"
____HashPatternNode: "{ bar: }"
______AssocNode: "bar:"
________SymbolNode: "bar:"
________ImplicitNode: "bar"
__________LocalVariableTargetNode: "bar"
