---
source: crates/shinier_rb_formatter/tests/snapshot_test.rs
assertion_line: 509
expression: output
input_file: crates/shinier_rb_formatter/tests/ruby/node/alternation_pattern_node.rb
---
****FORMATTED****
foo => bar | baz
foo => bar | baz
foo => bar | baz
foo =>
  bar | baz | bar | baz | bar | baz | bar | baz | bar | baz | bar | baz | bar | baz | bar | baz | bar | baz | bar | baz
foo =>
  bar | baz | bar | baz | bar | baz | bar | baz | bar | baz | bar | baz | bar | baz | bar | baz | bar | baz | bar | baz

****AST****
ProgramNode: "foo => bar | baz\n\n# unnecessary line break\nfoo =>\nbar | baz\nfoo => bar |\nbaz\n\n# long expression\nfoo => bar | baz | bar | baz | bar | baz | bar | baz | bar | baz | bar | baz | bar | baz | bar | baz | bar | baz | bar | baz\n\n# long expression with unnecessary line break\nfoo => bar | baz | bar | baz | bar | baz | bar | baz | bar | baz |\nbar | baz | bar | baz | bar | baz | bar | baz | bar | baz"
__MatchRequiredNode: "foo => bar | baz"
____CallNode: "foo"
____AlternationPatternNode: "bar | baz"
______LocalVariableTargetNode: "bar"
______LocalVariableTargetNode: "baz"
__MatchRequiredNode: "foo =>\nbar | baz"
____CallNode: "foo"
____AlternationPatternNode: "bar | baz"
______LocalVariableTargetNode: "bar"
______LocalVariableTargetNode: "baz"
__MatchRequiredNode: "foo => bar |\nbaz"
____CallNode: "foo"
____AlternationPatternNode: "bar |\nbaz"
______LocalVariableTargetNode: "bar"
______LocalVariableTargetNode: "baz"
__MatchRequiredNode: "foo => bar | baz | bar | baz | bar | baz | bar | baz | bar | baz | bar | baz | bar | baz | bar | baz | bar | baz | bar | baz"
____CallNode: "foo"
____AlternationPatternNode: "bar | baz | bar | baz | bar | baz | bar | baz | bar | baz | bar | baz | bar | baz | bar | baz | bar | baz | bar | baz"
______AlternationPatternNode: "bar | baz | bar | baz | bar | baz | bar | baz | bar | baz | bar | baz | bar | baz | bar | baz | bar | baz | bar"
________AlternationPatternNode: "bar | baz | bar | baz | bar | baz | bar | baz | bar | baz | bar | baz | bar | baz | bar | baz | bar | baz"
__________AlternationPatternNode: "bar | baz | bar | baz | bar | baz | bar | baz | bar | baz | bar | baz | bar | baz | bar | baz | bar"
____________AlternationPatternNode: "bar | baz | bar | baz | bar | baz | bar | baz | bar | baz | bar | baz | bar | baz | bar | baz"
______________AlternationPatternNode: "bar | baz | bar | baz | bar | baz | bar | baz | bar | baz | bar | baz | bar | baz | bar"
________________AlternationPatternNode: "bar | baz | bar | baz | bar | baz | bar | baz | bar | baz | bar | baz | bar | baz"
__________________AlternationPatternNode: "bar | baz | bar | baz | bar | baz | bar | baz | bar | baz | bar | baz | bar"
____________________AlternationPatternNode: "bar | baz | bar | baz | bar | baz | bar | baz | bar | baz | bar | baz"
______________________AlternationPatternNode: "bar | baz | bar | baz | bar | baz | bar | baz | bar | baz | bar"
________________________AlternationPatternNode: "bar | baz | bar | baz | bar | baz | bar | baz | bar | baz"
__________________________AlternationPatternNode: "bar | baz | bar | baz | bar | baz | bar | baz | bar"
____________________________AlternationPatternNode: "bar | baz | bar | baz | bar | baz | bar | baz"
______________________________AlternationPatternNode: "bar | baz | bar | baz | bar | baz | bar"
________________________________AlternationPatternNode: "bar | baz | bar | baz | bar | baz"
__________________________________AlternationPatternNode: "bar | baz | bar | baz | bar"
____________________________________AlternationPatternNode: "bar | baz | bar | baz"
______________________________________AlternationPatternNode: "bar | baz | bar"
________________________________________AlternationPatternNode: "bar | baz"
__________________________________________LocalVariableTargetNode: "bar"
__________________________________________LocalVariableTargetNode: "baz"
________________________________________LocalVariableTargetNode: "bar"
______________________________________LocalVariableTargetNode: "baz"
____________________________________LocalVariableTargetNode: "bar"
__________________________________LocalVariableTargetNode: "baz"
________________________________LocalVariableTargetNode: "bar"
______________________________LocalVariableTargetNode: "baz"
____________________________LocalVariableTargetNode: "bar"
__________________________LocalVariableTargetNode: "baz"
________________________LocalVariableTargetNode: "bar"
______________________LocalVariableTargetNode: "baz"
____________________LocalVariableTargetNode: "bar"
__________________LocalVariableTargetNode: "baz"
________________LocalVariableTargetNode: "bar"
______________LocalVariableTargetNode: "baz"
____________LocalVariableTargetNode: "bar"
__________LocalVariableTargetNode: "baz"
________LocalVariableTargetNode: "bar"
______LocalVariableTargetNode: "baz"
__MatchRequiredNode: "foo => bar | baz | bar | baz | bar | baz | bar | baz | bar | baz |\nbar | baz | bar | baz | bar | baz | bar | baz | bar | baz"
____CallNode: "foo"
____AlternationPatternNode: "bar | baz | bar | baz | bar | baz | bar | baz | bar | baz |\nbar | baz | bar | baz | bar | baz | bar | baz | bar | baz"
______AlternationPatternNode: "bar | baz | bar | baz | bar | baz | bar | baz | bar | baz |\nbar | baz | bar | baz | bar | baz | bar | baz | bar"
________AlternationPatternNode: "bar | baz | bar | baz | bar | baz | bar | baz | bar | baz |\nbar | baz | bar | baz | bar | baz | bar | baz"
__________AlternationPatternNode: "bar | baz | bar | baz | bar | baz | bar | baz | bar | baz |\nbar | baz | bar | baz | bar | baz | bar"
____________AlternationPatternNode: "bar | baz | bar | baz | bar | baz | bar | baz | bar | baz |\nbar | baz | bar | baz | bar | baz"
______________AlternationPatternNode: "bar | baz | bar | baz | bar | baz | bar | baz | bar | baz |\nbar | baz | bar | baz | bar"
________________AlternationPatternNode: "bar | baz | bar | baz | bar | baz | bar | baz | bar | baz |\nbar | baz | bar | baz"
__________________AlternationPatternNode: "bar | baz | bar | baz | bar | baz | bar | baz | bar | baz |\nbar | baz | bar"
____________________AlternationPatternNode: "bar | baz | bar | baz | bar | baz | bar | baz | bar | baz |\nbar | baz"
______________________AlternationPatternNode: "bar | baz | bar | baz | bar | baz | bar | baz | bar | baz |\nbar"
________________________AlternationPatternNode: "bar | baz | bar | baz | bar | baz | bar | baz | bar | baz"
__________________________AlternationPatternNode: "bar | baz | bar | baz | bar | baz | bar | baz | bar"
____________________________AlternationPatternNode: "bar | baz | bar | baz | bar | baz | bar | baz"
______________________________AlternationPatternNode: "bar | baz | bar | baz | bar | baz | bar"
________________________________AlternationPatternNode: "bar | baz | bar | baz | bar | baz"
__________________________________AlternationPatternNode: "bar | baz | bar | baz | bar"
____________________________________AlternationPatternNode: "bar | baz | bar | baz"
______________________________________AlternationPatternNode: "bar | baz | bar"
________________________________________AlternationPatternNode: "bar | baz"
__________________________________________LocalVariableTargetNode: "bar"
__________________________________________LocalVariableTargetNode: "baz"
________________________________________LocalVariableTargetNode: "bar"
______________________________________LocalVariableTargetNode: "baz"
____________________________________LocalVariableTargetNode: "bar"
__________________________________LocalVariableTargetNode: "baz"
________________________________LocalVariableTargetNode: "bar"
______________________________LocalVariableTargetNode: "baz"
____________________________LocalVariableTargetNode: "bar"
__________________________LocalVariableTargetNode: "baz"
________________________LocalVariableTargetNode: "bar"
______________________LocalVariableTargetNode: "baz"
____________________LocalVariableTargetNode: "bar"
__________________LocalVariableTargetNode: "baz"
________________LocalVariableTargetNode: "bar"
______________LocalVariableTargetNode: "baz"
____________LocalVariableTargetNode: "bar"
__________LocalVariableTargetNode: "baz"
________LocalVariableTargetNode: "bar"
______LocalVariableTargetNode: "baz"
