---
source: crates/shinier_rb_formatter/tests/snapshot_test.rs
assertion_line: 509
expression: output
input_file: crates/shinier_rb_formatter/tests/ruby/node/when_node.rb
---
****FORMATTED****
case true
when true
end
case true
when true
  puts(true)
end

****AST****
ProgramNode: "case true\nwhen true\nend\n\ncase true\nwhen true\n  puts true\nend"
__CaseNode: "case true\nwhen true\nend"
____TrueNode: "true"
____WhenNode: "when true"
______TrueNode: "true"
__CaseNode: "case true\nwhen true\n  puts true\nend"
____TrueNode: "true"
____WhenNode: "when true\n  puts true"
______TrueNode: "true"
______CallNode: "puts true"
________TrueNode: "true"
