---
source: crates/shinier_rb_formatter/tests/snapshot_test.rs
assertion_line: 509
expression: output
input_file: crates/shinier_rb_formatter/tests/ruby/node/rescue_modifier_node.rb
---
****FORMATTED****
foo rescue nil

****AST****
ProgramNode: "foo rescue nil"
__RescueModifierNode: "foo rescue nil"
____CallNode: "foo"
____NilNode: "nil"
