---
source: crates/shinier_rb_formatter/tests/snapshot_test.rs
assertion_line: 9
expression: output
input_file: crates/shinier_rb_formatter/tests/ruby/node/index_and_write_node.rb
---
array[0] &&= value
foo.bar[baz] &&= value
hash[:key] &&= value
matrix[i, j] &&= value
array&.[0] &&= value
foo&.bar[baz] &&= value
array[find{ |x| x.>(0) }] &&= value
array[x.+(y.*(z))] &&= new_value
matrix.[](0)[1] &&= value
