---
source: crates/shinier_rb_formatter/tests/snapshot_test.rs
assertion_line: 220
expression: output
input_file: crates/shinier_rb_formatter/tests/ruby/node_variants/arguments_node.rb
---
****FORMATTED****
return foo, bar, baz

# unnecessary line breaks
return foo, bar, baz
return foo, bar, baz

# long argument list
return foo,
  bar,
  baz,
  foo,
  bar,
  baz,
  foo,
  bar,
  baz,
  foo,
  bar,
  baz,
  foo,
  bar,
  baz,
  foo,
  bar,
  baz,
  foo,
  bar,
  baz,
  foo,
  bar,
  baz

return foo,
  # leading comment 1
  bar, # trailing comment 1
  baz # trailing comment 2


****AST****
ProgramNode[0-306]: "return foo, bar, baz\n\n# unnecessary line breaks\nreturn foo, bar,\nbaz\nreturn foo,\nbar,\nbaz\n\n# long argument list\nreturn foo, bar, baz, foo, bar, baz, foo, bar, baz, foo, bar, baz, foo, bar, baz, foo, bar, baz, foo, bar, baz, foo, bar, baz\n\nreturn foo,\n  # leading comment 1\n  bar, # trailing comment 1\n  baz"
__StatementsNode[0-306]: "return foo, bar, baz\n\n# unnecessary line breaks\nreturn foo, bar,\nbaz\nreturn foo,\nbar,\nbaz\n\n# long argument list\nreturn foo, bar, baz, foo, bar, baz, foo, bar, baz, foo, bar, baz, foo, bar, baz, foo, bar, baz, foo, bar, baz, foo, bar, baz\n\nreturn foo,\n  # leading comment 1\n  bar, # trailing comment 1\n  baz"
____ReturnNode[0-20]: "return foo, bar, baz"
______ArgumentsNode[7-20]: "foo, bar, baz"
________CallNode[7-10]: "foo"
________CallNode[12-15]: "bar"
________CallNode[17-20]: "baz"
____ReturnNode[48-68]: "return foo, bar,\nbaz"
______ArgumentsNode[55-68]: "foo, bar,\nbaz"
________CallNode[55-58]: "foo"
________CallNode[60-63]: "bar"
________CallNode[65-68]: "baz"
____ReturnNode[69-89]: "return foo,\nbar,\nbaz"
______ArgumentsNode[76-89]: "foo,\nbar,\nbaz"
________CallNode[76-79]: "foo"
________CallNode[81-84]: "bar"
________CallNode[86-89]: "baz"
____ReturnNode[112-237]: "return foo, bar, baz, foo, bar, baz, foo, bar, baz, foo, bar, baz, foo, bar, baz, foo, bar, baz, foo, bar, baz, foo, bar, baz"
______ArgumentsNode[119-237]: "foo, bar, baz, foo, bar, baz, foo, bar, baz, foo, bar, baz, foo, bar, baz, foo, bar, baz, foo, bar, baz, foo, bar, baz"
________CallNode[119-122]: "foo"
________CallNode[124-127]: "bar"
________CallNode[129-132]: "baz"
________CallNode[134-137]: "foo"
________CallNode[139-142]: "bar"
________CallNode[144-147]: "baz"
________CallNode[149-152]: "foo"
________CallNode[154-157]: "bar"
________CallNode[159-162]: "baz"
________CallNode[164-167]: "foo"
________CallNode[169-172]: "bar"
________CallNode[174-177]: "baz"
________CallNode[179-182]: "foo"
________CallNode[184-187]: "bar"
________CallNode[189-192]: "baz"
________CallNode[194-197]: "foo"
________CallNode[199-202]: "bar"
________CallNode[204-207]: "baz"
________CallNode[209-212]: "foo"
________CallNode[214-217]: "bar"
________CallNode[219-222]: "baz"
________CallNode[224-227]: "foo"
________CallNode[229-232]: "bar"
________CallNode[234-237]: "baz"
____ReturnNode[239-306]: "return foo,\n  # leading comment 1\n  bar, # trailing comment 1\n  baz"
______ArgumentsNode[246-306]: "foo,\n  # leading comment 1\n  bar, # trailing comment 1\n  baz"
________CallNode[246-249]: "foo"
________CallNode[275-278]: "bar"
________CallNode[303-306]: "baz"
