---
source: crates/shinier_rb_formatter/tests/snapshot_test.rs
assertion_line: 509
expression: output
input_file: crates/shinier_rb_formatter/tests/ruby/node/constant_path_and_write_node.rb
---
****FORMATTED****
Parent::Child &&= value

****AST****
ProgramNode: "Parent::Child &&= value"
__ConstantPathAndWriteNode: "Parent::Child &&= value"
____ConstantReadNode: "Parent"
____CallNode: "value"
