---
source: crates/shinier_rb_formatter/tests/snapshot_test.rs
assertion_line: 509
expression: output
input_file: crates/shinier_rb_formatter/tests/ruby/node/constant_path_write_node.rb
---
****FORMATTED****
Foo = 1
Foo::Bar = 1
Foo::Bar = 1

****AST****
ProgramNode: "::Foo = 1\nFoo::Bar = 1\n::Foo::Bar = 1"
__ConstantPathWriteNode: "::Foo = 1"
____IntegerNode: "1"
__ConstantPathWriteNode: "Foo::Bar = 1"
____ConstantReadNode: "Foo"
____IntegerNode: "1"
__ConstantPathWriteNode: "::Foo::Bar = 1"
____ConstantPathNode: "::Foo"
____IntegerNode: "1"
