---
source: crates/shinier_rb_formatter/tests/snapshot_test.rs
assertion_line: 509
expression: output
input_file: crates/shinier_rb_formatter/tests/ruby/node/array_pattern_node.rb
---
****FORMATTED****
foo in [1, 2]
foo in [1, 2]
foo in [*bar]
foo in [1, *bar]
foo in [*bar, 2]
foo in [1, *bar, 2]
foo in Bar[]
foo in Bar[1, 2, 3]

****AST****
ProgramNode: "foo in 1, 2\n\nfoo in [1, 2]\n\nfoo in *bar\n\nfoo in 1, *bar\n\nfoo in *bar, 2\n\nfoo in 1, *bar, 2\n\nfoo in Bar[]\n\nfoo in Bar[1, 2, 3]"
__MatchPredicateNode: "foo in 1, 2"
____CallNode: "foo"
____ArrayPatternNode: "1, 2"
______IntegerNode: "1"
______IntegerNode: "2"
__MatchPredicateNode: "foo in [1, 2]"
____CallNode: "foo"
____ArrayPatternNode: "[1, 2]"
______IntegerNode: "1"
______IntegerNode: "2"
__MatchPredicateNode: "foo in *bar"
____CallNode: "foo"
____ArrayPatternNode: "*bar"
______SplatNode: "*bar"
________LocalVariableTargetNode: "bar"
__MatchPredicateNode: "foo in 1, *bar"
____CallNode: "foo"
____ArrayPatternNode: "1, *bar"
______IntegerNode: "1"
______SplatNode: "*bar"
________LocalVariableTargetNode: "bar"
__MatchPredicateNode: "foo in *bar, 2"
____CallNode: "foo"
____ArrayPatternNode: "*bar, 2"
______SplatNode: "*bar"
________LocalVariableTargetNode: "bar"
______IntegerNode: "2"
__MatchPredicateNode: "foo in 1, *bar, 2"
____CallNode: "foo"
____ArrayPatternNode: "1, *bar, 2"
______IntegerNode: "1"
______SplatNode: "*bar"
________LocalVariableTargetNode: "bar"
______IntegerNode: "2"
__MatchPredicateNode: "foo in Bar[]"
____CallNode: "foo"
____ArrayPatternNode: "Bar[]"
______ConstantReadNode: "Bar"
__MatchPredicateNode: "foo in Bar[1, 2, 3]"
____CallNode: "foo"
____ArrayPatternNode: "Bar[1, 2, 3]"
______ConstantReadNode: "Bar"
______IntegerNode: "1"
______IntegerNode: "2"
______IntegerNode: "3"
