---
source: crates/shinier_rb_formatter/tests/snapshot_test.rs
assertion_line: 211
expression: output
input_file: crates/shinier_rb_formatter/tests/ruby/node_variants/alternation_pattern_node.rb
---
****FORMATTED****
foo => bar | baz

# unnecessary line break
foo => bar | baz
foo => bar | baz

# long expression
foo =>
  bar |
    barbar |
    barbarbarbar |
    barbarbarbarbar |
    barbarbarbarbarbar |
    barbarbarbarbarbarbar |
    barbarbarbarbarbarbarbar

# long expression with unnecessary line break
foo =>
  bar |
    barbar |
    barbarbarbar |
    barbarbarbarbar |
    barbarbarbarbarbar |
    barbarbarbarbarbarbar |
    barbarbarbarbarbarbarbar

foo =>
  # leading comment
  bar | baz
foo =>
  bar | # trailing comment 1
    # leading comment 1
    # leading comment 2
    baz # trailing comment 2


****AST****
ProgramNode[0-520]: "foo => bar | baz\n\n# unnecessary line break\nfoo =>\n  bar | baz\nfoo => bar |\n  baz\n\n# long expression\nfoo => bar | barbar | barbarbarbar | barbarbarbarbar | barbarbarbarbarbar | barbarbarbarbarbarbar | barbarbarbarbarbarbarbar\n\n# long expression with unnecessary line break\nfoo => bar | barbar | barbarbarbar | barbarbarbarbar |\nbarbarbarbarbarbar | barbarbarbarbarbarbar | barbarbarbarbarbarbarbar\n\nfoo =>\n  # leading comment\n  bar | baz\nfoo => bar | # trailing comment 1\n  # leading comment 1\n  # leading comment 2\n  baz"
__MatchRequiredNode[0-16]: "foo => bar | baz"
____CallNode[0-3]: "foo"
____AlternationPatternNode[7-16]: "bar | baz"
______LocalVariableTargetNode[7-10]: "bar"
______LocalVariableTargetNode[13-16]: "baz"
__MatchRequiredNode[43-61]: "foo =>\n  bar | baz"
____CallNode[43-46]: "foo"
____AlternationPatternNode[52-61]: "bar | baz"
______LocalVariableTargetNode[52-55]: "bar"
______LocalVariableTargetNode[58-61]: "baz"
__MatchRequiredNode[62-80]: "foo => bar |\n  baz"
____CallNode[62-65]: "foo"
____AlternationPatternNode[69-80]: "bar |\n  baz"
______LocalVariableTargetNode[69-72]: "bar"
______LocalVariableTargetNode[77-80]: "baz"
__MatchRequiredNode[100-224]: "foo => bar | barbar | barbarbarbar | barbarbarbarbar | barbarbarbarbarbar | barbarbarbarbarbarbar | barbarbarbarbarbarbarbar"
____CallNode[100-103]: "foo"
____AlternationPatternNode[107-224]: "bar | barbar | barbarbarbar | barbarbarbarbar | barbarbarbarbarbar | barbarbarbarbarbarbar | barbarbarbarbarbarbarbar"
______AlternationPatternNode[107-197]: "bar | barbar | barbarbarbar | barbarbarbarbar | barbarbarbarbarbar | barbarbarbarbarbarbar"
________AlternationPatternNode[107-173]: "bar | barbar | barbarbarbar | barbarbarbarbar | barbarbarbarbarbar"
__________AlternationPatternNode[107-152]: "bar | barbar | barbarbarbar | barbarbarbarbar"
____________AlternationPatternNode[107-134]: "bar | barbar | barbarbarbar"
______________AlternationPatternNode[107-119]: "bar | barbar"
________________LocalVariableTargetNode[107-110]: "bar"
________________LocalVariableTargetNode[113-119]: "barbar"
______________LocalVariableTargetNode[122-134]: "barbarbarbar"
____________LocalVariableTargetNode[137-152]: "barbarbarbarbar"
__________LocalVariableTargetNode[155-173]: "barbarbarbarbarbar"
________LocalVariableTargetNode[176-197]: "barbarbarbarbarbarbar"
______LocalVariableTargetNode[200-224]: "barbarbarbarbarbarbarbar"
__MatchRequiredNode[272-396]: "foo => bar | barbar | barbarbarbar | barbarbarbarbar |\nbarbarbarbarbarbar | barbarbarbarbarbarbar | barbarbarbarbarbarbarbar"
____CallNode[272-275]: "foo"
____AlternationPatternNode[279-396]: "bar | barbar | barbarbarbar | barbarbarbarbar |\nbarbarbarbarbarbar | barbarbarbarbarbarbar | barbarbarbarbarbarbarbar"
______AlternationPatternNode[279-369]: "bar | barbar | barbarbarbar | barbarbarbarbar |\nbarbarbarbarbarbar | barbarbarbarbarbarbar"
________AlternationPatternNode[279-345]: "bar | barbar | barbarbarbar | barbarbarbarbar |\nbarbarbarbarbarbar"
__________AlternationPatternNode[279-324]: "bar | barbar | barbarbarbar | barbarbarbarbar"
____________AlternationPatternNode[279-306]: "bar | barbar | barbarbarbar"
______________AlternationPatternNode[279-291]: "bar | barbar"
________________LocalVariableTargetNode[279-282]: "bar"
________________LocalVariableTargetNode[285-291]: "barbar"
______________LocalVariableTargetNode[294-306]: "barbarbarbar"
____________LocalVariableTargetNode[309-324]: "barbarbarbarbar"
__________LocalVariableTargetNode[327-345]: "barbarbarbarbarbar"
________LocalVariableTargetNode[348-369]: "barbarbarbarbarbarbar"
______LocalVariableTargetNode[372-396]: "barbarbarbarbarbarbarbar"
__MatchRequiredNode[398-436]: "foo =>\n  # leading comment\n  bar | baz"
____CallNode[398-401]: "foo"
____AlternationPatternNode[427-436]: "bar | baz"
______LocalVariableTargetNode[427-430]: "bar"
______LocalVariableTargetNode[433-436]: "baz"
__MatchRequiredNode[437-520]: "foo => bar | # trailing comment 1\n  # leading comment 1\n  # leading comment 2\n  baz"
____CallNode[437-440]: "foo"
____AlternationPatternNode[444-520]: "bar | # trailing comment 1\n  # leading comment 1\n  # leading comment 2\n  baz"
______LocalVariableTargetNode[444-447]: "bar"
______LocalVariableTargetNode[517-520]: "baz"
