---
source: crates/shinier_rb_formatter/tests/snapshot_test.rs
assertion_line: 509
expression: output
input_file: crates/shinier_rb_formatter/tests/ruby/node/hash_pattern_node.rb
---
****FORMATTED****
foo => { a: 1, b: 2 }
foo => { a: 1, b: 2, **c }
foo => Bar[a: 1, b: 2]
foo in { a: 1, b: 2 }
foo =>
  {
    a: 1,
    b: 2,
    c: 3,
    d: 4,
    e: 5,
    f: 6,
    g: 7,
    h: 8,
    i: 9,
    j: 10,
    k: 11,
    l: 12,
    m: 13,
    n: 14,
    o: 15,
    p: 16,
    q: 17,
    r: 18,
    s: 19,
    t: 20
  }
foo =>
  Bar[
    a: 1,
    b: 2,
    c: 3,
    d: 4,
    e: 5,
    f: 6,
    g: 7,
    h: 8,
    i: 9,
    j: 10,
    k: 11,
    l: 12,
    m: 13,
    n: 14,
    o: 15,
    p: 16,
    q: 17,
    r: 18,
    s: 19,
    t: 20
  ]

****AST****
ProgramNode: "foo => { a: 1, b: 2 }\nfoo => { a: 1, b: 2, **c }\nfoo => Bar[a: 1, b: 2]\nfoo in { a: 1, b: 2 }\n\nfoo => { a: 1, b: 2, c: 3, d: 4, e: 5, f: 6, g: 7, h: 8, i: 9, j: 10, k: 11, l: 12, m: 13, n: 14, o: 15, p: 16, q: 17, r: 18, s: 19, t: 20 }\nfoo => Bar[a: 1, b: 2, c: 3, d: 4, e: 5, f: 6, g: 7, h: 8, i: 9, j: 10, k: 11, l: 12, m: 13, n: 14, o: 15, p: 16, q: 17, r: 18, s: 19, t: 20]"
__MatchRequiredNode: "foo => { a: 1, b: 2 }"
____CallNode: "foo"
____HashPatternNode: "{ a: 1, b: 2 }"
______AssocNode: "a: 1"
________SymbolNode: "a:"
________IntegerNode: "1"
______AssocNode: "b: 2"
________SymbolNode: "b:"
________IntegerNode: "2"
__MatchRequiredNode: "foo => { a: 1, b: 2, **c }"
____CallNode: "foo"
____HashPatternNode: "{ a: 1, b: 2, **c }"
______AssocNode: "a: 1"
________SymbolNode: "a:"
________IntegerNode: "1"
______AssocNode: "b: 2"
________SymbolNode: "b:"
________IntegerNode: "2"
______AssocSplatNode: "**c"
________LocalVariableTargetNode: "c"
__MatchRequiredNode: "foo => Bar[a: 1, b: 2]"
____CallNode: "foo"
____HashPatternNode: "Bar[a: 1, b: 2]"
______ConstantReadNode: "Bar"
______AssocNode: "a: 1"
________SymbolNode: "a:"
________IntegerNode: "1"
______AssocNode: "b: 2"
________SymbolNode: "b:"
________IntegerNode: "2"
__MatchPredicateNode: "foo in { a: 1, b: 2 }"
____CallNode: "foo"
____HashPatternNode: "{ a: 1, b: 2 }"
______AssocNode: "a: 1"
________SymbolNode: "a:"
________IntegerNode: "1"
______AssocNode: "b: 2"
________SymbolNode: "b:"
________IntegerNode: "2"
__MatchRequiredNode: "foo => { a: 1, b: 2, c: 3, d: 4, e: 5, f: 6, g: 7, h: 8, i: 9, j: 10, k: 11, l: 12, m: 13, n: 14, o: 15, p: 16, q: 17, r: 18, s: 19, t: 20 }"
____CallNode: "foo"
____HashPatternNode: "{ a: 1, b: 2, c: 3, d: 4, e: 5, f: 6, g: 7, h: 8, i: 9, j: 10, k: 11, l: 12, m: 13, n: 14, o: 15, p: 16, q: 17, r: 18, s: 19, t: 20 }"
______AssocNode: "a: 1"
________SymbolNode: "a:"
________IntegerNode: "1"
______AssocNode: "b: 2"
________SymbolNode: "b:"
________IntegerNode: "2"
______AssocNode: "c: 3"
________SymbolNode: "c:"
________IntegerNode: "3"
______AssocNode: "d: 4"
________SymbolNode: "d:"
________IntegerNode: "4"
______AssocNode: "e: 5"
________SymbolNode: "e:"
________IntegerNode: "5"
______AssocNode: "f: 6"
________SymbolNode: "f:"
________IntegerNode: "6"
______AssocNode: "g: 7"
________SymbolNode: "g:"
________IntegerNode: "7"
______AssocNode: "h: 8"
________SymbolNode: "h:"
________IntegerNode: "8"
______AssocNode: "i: 9"
________SymbolNode: "i:"
________IntegerNode: "9"
______AssocNode: "j: 10"
________SymbolNode: "j:"
________IntegerNode: "10"
______AssocNode: "k: 11"
________SymbolNode: "k:"
________IntegerNode: "11"
______AssocNode: "l: 12"
________SymbolNode: "l:"
________IntegerNode: "12"
______AssocNode: "m: 13"
________SymbolNode: "m:"
________IntegerNode: "13"
______AssocNode: "n: 14"
________SymbolNode: "n:"
________IntegerNode: "14"
______AssocNode: "o: 15"
________SymbolNode: "o:"
________IntegerNode: "15"
______AssocNode: "p: 16"
________SymbolNode: "p:"
________IntegerNode: "16"
______AssocNode: "q: 17"
________SymbolNode: "q:"
________IntegerNode: "17"
______AssocNode: "r: 18"
________SymbolNode: "r:"
________IntegerNode: "18"
______AssocNode: "s: 19"
________SymbolNode: "s:"
________IntegerNode: "19"
______AssocNode: "t: 20"
________SymbolNode: "t:"
________IntegerNode: "20"
__MatchRequiredNode: "foo => Bar[a: 1, b: 2, c: 3, d: 4, e: 5, f: 6, g: 7, h: 8, i: 9, j: 10, k: 11, l: 12, m: 13, n: 14, o: 15, p: 16, q: 17, r: 18, s: 19, t: 20]"
____CallNode: "foo"
____HashPatternNode: "Bar[a: 1, b: 2, c: 3, d: 4, e: 5, f: 6, g: 7, h: 8, i: 9, j: 10, k: 11, l: 12, m: 13, n: 14, o: 15, p: 16, q: 17, r: 18, s: 19, t: 20]"
______ConstantReadNode: "Bar"
______AssocNode: "a: 1"
________SymbolNode: "a:"
________IntegerNode: "1"
______AssocNode: "b: 2"
________SymbolNode: "b:"
________IntegerNode: "2"
______AssocNode: "c: 3"
________SymbolNode: "c:"
________IntegerNode: "3"
______AssocNode: "d: 4"
________SymbolNode: "d:"
________IntegerNode: "4"
______AssocNode: "e: 5"
________SymbolNode: "e:"
________IntegerNode: "5"
______AssocNode: "f: 6"
________SymbolNode: "f:"
________IntegerNode: "6"
______AssocNode: "g: 7"
________SymbolNode: "g:"
________IntegerNode: "7"
______AssocNode: "h: 8"
________SymbolNode: "h:"
________IntegerNode: "8"
______AssocNode: "i: 9"
________SymbolNode: "i:"
________IntegerNode: "9"
______AssocNode: "j: 10"
________SymbolNode: "j:"
________IntegerNode: "10"
______AssocNode: "k: 11"
________SymbolNode: "k:"
________IntegerNode: "11"
______AssocNode: "l: 12"
________SymbolNode: "l:"
________IntegerNode: "12"
______AssocNode: "m: 13"
________SymbolNode: "m:"
________IntegerNode: "13"
______AssocNode: "n: 14"
________SymbolNode: "n:"
________IntegerNode: "14"
______AssocNode: "o: 15"
________SymbolNode: "o:"
________IntegerNode: "15"
______AssocNode: "p: 16"
________SymbolNode: "p:"
________IntegerNode: "16"
______AssocNode: "q: 17"
________SymbolNode: "q:"
________IntegerNode: "17"
______AssocNode: "r: 18"
________SymbolNode: "r:"
________IntegerNode: "18"
______AssocNode: "s: 19"
________SymbolNode: "s:"
________IntegerNode: "19"
______AssocNode: "t: 20"
________SymbolNode: "t:"
________IntegerNode: "20"
