---
source: crates/shinier_rb_formatter/tests/snapshot_test.rs
assertion_line: 9
expression: output
input_file: crates/shinier_rb_formatter/tests/ruby/node/array_pattern_node.rb
---
foo in [1, 2]
foo in [1, 2]
foo in [*bar]
foo in [1, *bar]
foo in [*bar, 2]
foo in [1, *bar, 2]
foo in Bar[]
foo in Bar[1, 2, 3]
