---
source: crates/shinier_rb_formatter/tests/snapshot_test.rs
assertion_line: 509
expression: output
input_file: crates/shinier_rb_formatter/tests/ruby/node/find_pattern_node.rb
---
****FORMATTED****
foo in [*bar, baz, *qux]
foo in [*bar, baz, *qux]
foo in Foo(*bar, baz, *qux)
foo => [*bar, baz, *qux]

****AST****
ProgramNode: "foo in *bar, baz, *qux\nfoo in [*bar, baz, *qux]\nfoo in Foo(*bar, baz, *qux)\nfoo => *bar, baz, *qux"
__MatchPredicateNode: "foo in *bar, baz, *qux"
____CallNode: "foo"
____FindPatternNode: "*bar, baz, *qux"
______LocalVariableTargetNode: "bar"
______LocalVariableTargetNode: "baz"
______SplatNode: "*qux"
________LocalVariableTargetNode: "qux"
__MatchPredicateNode: "foo in [*bar, baz, *qux]"
____CallNode: "foo"
____FindPatternNode: "[*bar, baz, *qux]"
______LocalVariableTargetNode: "bar"
______LocalVariableTargetNode: "baz"
______SplatNode: "*qux"
________LocalVariableTargetNode: "qux"
__MatchPredicateNode: "foo in Foo(*bar, baz, *qux)"
____CallNode: "foo"
____FindPatternNode: "Foo(*bar, baz, *qux)"
______ConstantReadNode: "Foo"
______LocalVariableTargetNode: "bar"
______LocalVariableTargetNode: "baz"
______SplatNode: "*qux"
________LocalVariableTargetNode: "qux"
__MatchRequiredNode: "foo => *bar, baz, *qux"
____CallNode: "foo"
____FindPatternNode: "*bar, baz, *qux"
______LocalVariableTargetNode: "bar"
______LocalVariableTargetNode: "baz"
______SplatNode: "*qux"
________LocalVariableTargetNode: "qux"
