---
source: crates/shinier_rb_formatter/tests/snapshot_test.rs
assertion_line: 509
expression: output
input_file: crates/shinier_rb_formatter/tests/ruby/node/numbered_reference_read_node.rb
---
****FORMATTED****
$1
$2

****AST****
ProgramNode: "$1\n$2"
__NumberedReferenceReadNode: "$1"
__NumberedReferenceReadNode: "$2"
