---
source: crates/shinier_rb_formatter/tests/snapshot_test.rs
assertion_line: 220
expression: output
input_file: crates/shinier_rb_formatter/tests/ruby/node_variants/back_reference_read_node.rb
---
****FORMATTED****
# Basic back references
$&
$`
$'
$+


****AST****
ProgramNode[24-35]: "$&\n$`\n$\'\n$+"
__StatementsNode[24-35]: "$&\n$`\n$\'\n$+"
____BackReferenceReadNode[24-26]: "$&"
____BackReferenceReadNode[27-29]: "$`"
____BackReferenceReadNode[30-32]: "$\'"
____BackReferenceReadNode[33-35]: "$+"
