---
source: crates/shinier_rb_formatter/tests/snapshot_test.rs
assertion_line: 9
expression: output
input_file: crates/shinier_rb_formatter/tests/ruby/node/def_node.rb
---
def method end
def method_with_params(
  a,
  b = 1,
  *rest,
  c,
  d:,
  **kwargs,
  &block
  )
  puts(a)
end
def not implemented: "ruby_prism::bindings::SelfNode".class_method
  "class method"
end
def obj.instance_method
  "instance method"
end
def method_with_locals
  local_var = 42
  another_var = "hello"
end
def complex_method(x)
  if x.>(0)
    not implemented: "ruby_prism::bindings::ReturnNode"
  else
    raise("negative")
  end
end
