---
source: crates/shinier_rb_formatter/tests/snapshot_test.rs
assertion_line: 509
expression: output
input_file: crates/shinier_rb_formatter/tests/ruby/node/and_node.rb
---
****FORMATTED****
foo && bar
foo &&
  bar &&
  baz &&
  foo &&
  bar &&
  baz &&
  foo &&
  bar &&
  baz &&
  foo &&
  bar &&
  baz &&
  foo &&
  bar &&
  baz

****AST****
ProgramNode: "foo and bar\n\nfoo and bar and baz and foo and bar and baz and foo and bar and baz and foo and bar and baz and foo and bar and baz"
__AndNode: "foo and bar"
____CallNode: "foo"
____CallNode: "bar"
__AndNode: "foo and bar and baz and foo and bar and baz and foo and bar and baz and foo and bar and baz and foo and bar and baz"
____AndNode: "foo and bar and baz and foo and bar and baz and foo and bar and baz and foo and bar and baz and foo and bar"
______AndNode: "foo and bar and baz and foo and bar and baz and foo and bar and baz and foo and bar and baz and foo"
________AndNode: "foo and bar and baz and foo and bar and baz and foo and bar and baz and foo and bar and baz"
__________AndNode: "foo and bar and baz and foo and bar and baz and foo and bar and baz and foo and bar"
____________AndNode: "foo and bar and baz and foo and bar and baz and foo and bar and baz and foo"
______________AndNode: "foo and bar and baz and foo and bar and baz and foo and bar and baz"
________________AndNode: "foo and bar and baz and foo and bar and baz and foo and bar"
__________________AndNode: "foo and bar and baz and foo and bar and baz and foo"
____________________AndNode: "foo and bar and baz and foo and bar and baz"
______________________AndNode: "foo and bar and baz and foo and bar"
________________________AndNode: "foo and bar and baz and foo"
__________________________AndNode: "foo and bar and baz"
____________________________AndNode: "foo and bar"
______________________________CallNode: "foo"
______________________________CallNode: "bar"
____________________________CallNode: "baz"
__________________________CallNode: "foo"
________________________CallNode: "bar"
______________________CallNode: "baz"
____________________CallNode: "foo"
__________________CallNode: "bar"
________________CallNode: "baz"
______________CallNode: "foo"
____________CallNode: "bar"
__________CallNode: "baz"
________CallNode: "foo"
______CallNode: "bar"
____CallNode: "baz"
