---
source: crates/shinier_rb_formatter/tests/snapshot_test.rs
assertion_line: 509
expression: output
input_file: crates/shinier_rb_formatter/tests/ruby/node/parameters_node.rb
---
****FORMATTED****
def a(b, c, d) end
def required_only(x, y, z) end
def with_optionals(
  a, b = 1, c = "default"
  )
end
def with_rest(*args) end
def with_posts(a, *rest, b) end
def with_keywords(a:, b: 2) end
def with_keyword_rest(**kwargs) end
def with_block(&block) end
def all_params(
  req,
  opt = 1,
  *rest,
  post,
  kw:,
  kw_opt: 3,
  **kw_rest,
  &blk
  )
end
def no_params end

****AST****
ProgramNode: "def a(b, c, d)\nend\n\n# Test case: required parameters only\ndef required_only(x, y, z)\nend\n\n# Test case: optional parameters\ndef with_optionals(a, b = 1, c = \"default\")\nend\n\n# Test case: rest parameter\ndef with_rest(*args)\nend\n\n# Test case: post parameters\ndef with_posts(a, *rest, b)\nend\n\n# Test case: keyword parameters\ndef with_keywords(a:, b: 2)\nend\n\n# Test case: keyword rest\ndef with_keyword_rest(**kwargs)\nend\n\n# Test case: block parameter\ndef with_block(&block)\nend\n\n# Test case: all parameters combined\ndef all_params(req, opt = 1, *rest, post, kw:, kw_opt: 3, **kw_rest, &blk)\nend\n\n# Test case: no parameters\ndef no_params\nend"
__DefNode: "def a(b, c, d)\nend"
____RequiredParameterNode: "b"
____RequiredParameterNode: "c"
____RequiredParameterNode: "d"
__DefNode: "def required_only(x, y, z)\nend"
____RequiredParameterNode: "x"
____RequiredParameterNode: "y"
____RequiredParameterNode: "z"
__DefNode: "def with_optionals(a, b = 1, c = \"default\")\nend"
____RequiredParameterNode: "a"
____OptionalParameterNode: "b = 1"
______IntegerNode: "1"
____OptionalParameterNode: "c = \"default\""
______StringNode: "\"default\""
__DefNode: "def with_rest(*args)\nend"
____RestParameterNode: "*args"
__DefNode: "def with_posts(a, *rest, b)\nend"
____RequiredParameterNode: "a"
____RestParameterNode: "*rest"
____RequiredParameterNode: "b"
__DefNode: "def with_keywords(a:, b: 2)\nend"
____RequiredKeywordParameterNode: "a:"
____OptionalKeywordParameterNode: "b: 2"
______IntegerNode: "2"
__DefNode: "def with_keyword_rest(**kwargs)\nend"
____KeywordRestParameterNode: "**kwargs"
__DefNode: "def with_block(&block)\nend"
__DefNode: "def all_params(req, opt = 1, *rest, post, kw:, kw_opt: 3, **kw_rest, &blk)\nend"
____RequiredParameterNode: "req"
____OptionalParameterNode: "opt = 1"
______IntegerNode: "1"
____RestParameterNode: "*rest"
____RequiredParameterNode: "post"
____RequiredKeywordParameterNode: "kw:"
____OptionalKeywordParameterNode: "kw_opt: 3"
______IntegerNode: "3"
____KeywordRestParameterNode: "**kw_rest"
__DefNode: "def no_params\nend"
