---
source: crates/shinier_rb_formatter/tests/snapshot_test.rs
assertion_line: 509
expression: output
input_file: crates/shinier_rb_formatter/tests/ruby/node/forwarding_arguments_node.rb
---
****FORMATTED****
def foo(...)
  bar(...)
end

****AST****
ProgramNode: "def foo(...)\n  bar(...)\nend"
__DefNode: "def foo(...)\n  bar(...)\nend"
____ForwardingParameterNode: "..."
____StatementsNode: "bar(...)"
______CallNode: "bar(...)"
________ForwardingArgumentsNode: "..."
