---
source: crates/shinier_rb_formatter/tests/snapshot_test.rs
assertion_line: 509
expression: output
input_file: crates/shinier_rb_formatter/tests/ruby/node/unless_node.rb
---
****FORMATTED****
unless foo
  bar
end
unless foo
  bar
end
unless foo
  bar
else
  baz
end

****AST****
ProgramNode: "bar unless foo\nunless foo then bar end\n\nunless foo then bar else baz end"
__UnlessNode: "bar unless foo"
____CallNode: "foo"
____CallNode: "bar"
__UnlessNode: "unless foo then bar end"
____CallNode: "foo"
____CallNode: "bar"
__UnlessNode: "unless foo then bar else baz end"
____CallNode: "foo"
____CallNode: "bar"
____CallNode: "baz"
