---
source: crates/shinier_rb_formatter/tests/snapshot_test.rs
assertion_line: 211
expression: output
input_file: crates/shinier_rb_formatter/tests/ruby/node_variants/arguments_node.rb
---
****FORMATTED****
return foo, bar, baz

# unnecessary line breaks
return foo, bar, baz
return foo, bar, baz

# long argument list
return foo,
  bar,
  baz,
  foo,
  bar,
  baz,
  foo,
  bar,
  baz,
  foo,
  bar,
  baz,
  foo,
  bar,
  baz,
  foo,
  bar,
  baz,
  foo,
  bar,
  baz,
  foo,
  bar,
  baz

return foo,
  # owning comment
  bar, # trailing comment 1
  baz # trailing comment 2


****AST****
ProgramNode[0-303]: "return foo, bar, baz\n\n# unnecessary line breaks\nreturn foo, bar,\nbaz\nreturn foo,\nbar,\nbaz\n\n# long argument list\nreturn foo, bar, baz, foo, bar, baz, foo, bar, baz, foo, bar, baz, foo, bar, baz, foo, bar, baz, foo, bar, baz, foo, bar, baz\n\nreturn foo,\n  # owning comment\n  bar, # trailing comment 1\n  baz"
__ReturnNode[0-20]: "return foo, bar, baz"
____CallNode[7-10]: "foo"
____CallNode[12-15]: "bar"
____CallNode[17-20]: "baz"
__ReturnNode[48-68]: "return foo, bar,\nbaz"
____CallNode[55-58]: "foo"
____CallNode[60-63]: "bar"
____CallNode[65-68]: "baz"
__ReturnNode[69-89]: "return foo,\nbar,\nbaz"
____CallNode[76-79]: "foo"
____CallNode[81-84]: "bar"
____CallNode[86-89]: "baz"
__ReturnNode[112-237]: "return foo, bar, baz, foo, bar, baz, foo, bar, baz, foo, bar, baz, foo, bar, baz, foo, bar, baz, foo, bar, baz, foo, bar, baz"
____CallNode[119-122]: "foo"
____CallNode[124-127]: "bar"
____CallNode[129-132]: "baz"
____CallNode[134-137]: "foo"
____CallNode[139-142]: "bar"
____CallNode[144-147]: "baz"
____CallNode[149-152]: "foo"
____CallNode[154-157]: "bar"
____CallNode[159-162]: "baz"
____CallNode[164-167]: "foo"
____CallNode[169-172]: "bar"
____CallNode[174-177]: "baz"
____CallNode[179-182]: "foo"
____CallNode[184-187]: "bar"
____CallNode[189-192]: "baz"
____CallNode[194-197]: "foo"
____CallNode[199-202]: "bar"
____CallNode[204-207]: "baz"
____CallNode[209-212]: "foo"
____CallNode[214-217]: "bar"
____CallNode[219-222]: "baz"
____CallNode[224-227]: "foo"
____CallNode[229-232]: "bar"
____CallNode[234-237]: "baz"
__ReturnNode[239-303]: "return foo,\n  # owning comment\n  bar, # trailing comment 1\n  baz"
____CallNode[246-249]: "foo"
____CallNode[272-275]: "bar"
____CallNode[300-303]: "baz"
