---
source: crates/shinier_rb_formatter/tests/snapshot_test.rs
assertion_line: 509
expression: output
input_file: crates/shinier_rb_formatter/tests/ruby/node/hash_node.rb
---
****FORMATTED****
{ a => b }
{ a => b, c => d }
{
  a => b,
  c => d,
  e => f,
  g => h,
  i => j,
  k => l,
  m => n,
  o => p,
  q => r,
  s => t,
  u => v,
  w => x,
  y => z
}
{ a: b }
{ a: b, c: d }
{
  a: b,
  c: d,
  e: f,
  g: h,
  i: j,
  k: l,
  m: n,
  o: p,
  q: r,
  s: t,
  u: v,
  w: x,
  y: z
}

****AST****
ProgramNode: "{ a => b }\n{ a => b, c => d }\n{ a => b, c => d, e => f, g => h, i => j, k => l, m => n, o => p, q => r, s => t, u => v, w => x, y => z }\n\n{ a: b }\n{ a: b, c: d }\n{ a: b, c: d, e: f, g: h, i: j, k: l, m: n, o: p, q: r, s: t, u: v, w: x, y: z }"
__HashNode: "{ a => b }"
____AssocNode: "a => b"
______CallNode: "a"
______CallNode: "b"
__HashNode: "{ a => b, c => d }"
____AssocNode: "a => b"
______CallNode: "a"
______CallNode: "b"
____AssocNode: "c => d"
______CallNode: "c"
______CallNode: "d"
__HashNode: "{ a => b, c => d, e => f, g => h, i => j, k => l, m => n, o => p, q => r, s => t, u => v, w => x, y => z }"
____AssocNode: "a => b"
______CallNode: "a"
______CallNode: "b"
____AssocNode: "c => d"
______CallNode: "c"
______CallNode: "d"
____AssocNode: "e => f"
______CallNode: "e"
______CallNode: "f"
____AssocNode: "g => h"
______CallNode: "g"
______CallNode: "h"
____AssocNode: "i => j"
______CallNode: "i"
______CallNode: "j"
____AssocNode: "k => l"
______CallNode: "k"
______CallNode: "l"
____AssocNode: "m => n"
______CallNode: "m"
______CallNode: "n"
____AssocNode: "o => p"
______CallNode: "o"
______CallNode: "p"
____AssocNode: "q => r"
______CallNode: "q"
______CallNode: "r"
____AssocNode: "s => t"
______CallNode: "s"
______CallNode: "t"
____AssocNode: "u => v"
______CallNode: "u"
______CallNode: "v"
____AssocNode: "w => x"
______CallNode: "w"
______CallNode: "x"
____AssocNode: "y => z"
______CallNode: "y"
______CallNode: "z"
__HashNode: "{ a: b }"
____AssocNode: "a: b"
______SymbolNode: "a:"
______CallNode: "b"
__HashNode: "{ a: b, c: d }"
____AssocNode: "a: b"
______SymbolNode: "a:"
______CallNode: "b"
____AssocNode: "c: d"
______SymbolNode: "c:"
______CallNode: "d"
__HashNode: "{ a: b, c: d, e: f, g: h, i: j, k: l, m: n, o: p, q: r, s: t, u: v, w: x, y: z }"
____AssocNode: "a: b"
______SymbolNode: "a:"
______CallNode: "b"
____AssocNode: "c: d"
______SymbolNode: "c:"
______CallNode: "d"
____AssocNode: "e: f"
______SymbolNode: "e:"
______CallNode: "f"
____AssocNode: "g: h"
______SymbolNode: "g:"
______CallNode: "h"
____AssocNode: "i: j"
______SymbolNode: "i:"
______CallNode: "j"
____AssocNode: "k: l"
______SymbolNode: "k:"
______CallNode: "l"
____AssocNode: "m: n"
______SymbolNode: "m:"
______CallNode: "n"
____AssocNode: "o: p"
______SymbolNode: "o:"
______CallNode: "p"
____AssocNode: "q: r"
______SymbolNode: "q:"
______CallNode: "r"
____AssocNode: "s: t"
______SymbolNode: "s:"
______CallNode: "t"
____AssocNode: "u: v"
______SymbolNode: "u:"
______CallNode: "v"
____AssocNode: "w: x"
______SymbolNode: "w:"
______CallNode: "x"
____AssocNode: "y: z"
______SymbolNode: "y:"
______CallNode: "z"
