---
source: crates/shinier_rb_formatter/tests/snapshot_test.rs
assertion_line: 206
expression: output
input_file: crates/shinier_rb_formatter/tests/ruby/node_variants/and_node.rb
---
****FORMATTED****
left && right

# unnecessary line break
left && right

# long expression
foo &&
  bar &&
  baz &&
  foo &&
  bar &&
  baz &&
  foo &&
  bar &&
  baz &&
  foo &&
  bar &&
  baz &&
  foo &&
  bar &&
  baz

# long expression with unnecessary line breaks
foo &&
  bar &&
  baz &&
  foo &&
  bar &&
  baz &&
  foo &&
  bar &&
  baz &&
  foo &&
  bar &&
  baz &&
  foo &&
  bar &&
  baz

left && # trailing comment 1
  # owinig comment
  right # trailing comment 2


****AST****
ProgramNode: "left and right\n\n# unnecessary line break\nleft and\nright\n\n# long expression\nfoo and bar and baz and foo and bar and baz and foo and bar and baz and foo and bar and baz and foo and bar and baz\n\n# long expression with unnecessary line breaks\nfoo and bar and baz and\nfoo and bar and baz and\nfoo and bar and baz and\nfoo and bar and baz and\nfoo and bar and baz\n\nleft and # trailing comment 1\n# owinig comment\nright"
__AndNode: "left and right"
____CallNode: "left"
____CallNode: "right"
__AndNode: "left and\nright"
____CallNode: "left"
____CallNode: "right"
__AndNode: "foo and bar and baz and foo and bar and baz and foo and bar and baz and foo and bar and baz and foo and bar and baz"
____AndNode: "foo and bar and baz and foo and bar and baz and foo and bar and baz and foo and bar and baz and foo and bar"
______AndNode: "foo and bar and baz and foo and bar and baz and foo and bar and baz and foo and bar and baz and foo"
________AndNode: "foo and bar and baz and foo and bar and baz and foo and bar and baz and foo and bar and baz"
__________AndNode: "foo and bar and baz and foo and bar and baz and foo and bar and baz and foo and bar"
____________AndNode: "foo and bar and baz and foo and bar and baz and foo and bar and baz and foo"
______________AndNode: "foo and bar and baz and foo and bar and baz and foo and bar and baz"
________________AndNode: "foo and bar and baz and foo and bar and baz and foo and bar"
__________________AndNode: "foo and bar and baz and foo and bar and baz and foo"
____________________AndNode: "foo and bar and baz and foo and bar and baz"
______________________AndNode: "foo and bar and baz and foo and bar"
________________________AndNode: "foo and bar and baz and foo"
__________________________AndNode: "foo and bar and baz"
____________________________AndNode: "foo and bar"
______________________________CallNode: "foo"
______________________________CallNode: "bar"
____________________________CallNode: "baz"
__________________________CallNode: "foo"
________________________CallNode: "bar"
______________________CallNode: "baz"
____________________CallNode: "foo"
__________________CallNode: "bar"
________________CallNode: "baz"
______________CallNode: "foo"
____________CallNode: "bar"
__________CallNode: "baz"
________CallNode: "foo"
______CallNode: "bar"
____CallNode: "baz"
__AndNode: "foo and bar and baz and\nfoo and bar and baz and\nfoo and bar and baz and\nfoo and bar and baz and\nfoo and bar and baz"
____AndNode: "foo and bar and baz and\nfoo and bar and baz and\nfoo and bar and baz and\nfoo and bar and baz and\nfoo and bar"
______AndNode: "foo and bar and baz and\nfoo and bar and baz and\nfoo and bar and baz and\nfoo and bar and baz and\nfoo"
________AndNode: "foo and bar and baz and\nfoo and bar and baz and\nfoo and bar and baz and\nfoo and bar and baz"
__________AndNode: "foo and bar and baz and\nfoo and bar and baz and\nfoo and bar and baz and\nfoo and bar"
____________AndNode: "foo and bar and baz and\nfoo and bar and baz and\nfoo and bar and baz and\nfoo"
______________AndNode: "foo and bar and baz and\nfoo and bar and baz and\nfoo and bar and baz"
________________AndNode: "foo and bar and baz and\nfoo and bar and baz and\nfoo and bar"
__________________AndNode: "foo and bar and baz and\nfoo and bar and baz and\nfoo"
____________________AndNode: "foo and bar and baz and\nfoo and bar and baz"
______________________AndNode: "foo and bar and baz and\nfoo and bar"
________________________AndNode: "foo and bar and baz and\nfoo"
__________________________AndNode: "foo and bar and baz"
____________________________AndNode: "foo and bar"
______________________________CallNode: "foo"
______________________________CallNode: "bar"
____________________________CallNode: "baz"
__________________________CallNode: "foo"
________________________CallNode: "bar"
______________________CallNode: "baz"
____________________CallNode: "foo"
__________________CallNode: "bar"
________________CallNode: "baz"
______________CallNode: "foo"
____________CallNode: "bar"
__________CallNode: "baz"
________CallNode: "foo"
______CallNode: "bar"
____CallNode: "baz"
__AndNode: "left and # trailing comment 1\n# owinig comment\nright"
____CallNode: "left"
____CallNode: "right"
