---
source: crates/shinier_rb_formatter/tests/snapshot_test.rs
assertion_line: 9
expression: output
input_file: crates/shinier_rb_formatter/tests/ruby/node/forwarding_super_node.rb
---
super 
super { |item| puts(item) }
super {
  |item|
  process(item)
  not implemented: "ruby_prism::bindings::YieldNode"
}
super {
  |x, y|
  result = x.+(y)
  result.*(2)
}
super { puts("no parameters") }
super {
  |items|
  items.each{ |item| puts(item) }
}
super { |x| x.*(2) }.map(&:to_s)&:to_s
result = if condition 
  super { |x| x.+(1) }
else
  default_value
end
