---
source: crates/shinier_rb_formatter/tests/snapshot_test.rs
assertion_line: 509
expression: output
input_file: crates/shinier_rb_formatter/tests/ruby/node/if_node.rb
---
****FORMATTED****
if foo
  bar
end
if foo
  bar
end
if foo
  bar
else
  baz
end

****AST****
ProgramNode: "bar if foo\nif foo then bar end\nfoo ? bar : baz"
__IfNode: "bar if foo"
____CallNode: "foo"
____CallNode: "bar"
__IfNode: "if foo then bar end"
____CallNode: "foo"
____CallNode: "bar"
__IfNode: "foo ? bar : baz"
____CallNode: "foo"
____CallNode: "bar"
____ElseNode: ": baz"
______CallNode: "baz"
