---
source: crates/shinier_rb_formatter/tests/snapshot_test.rs
assertion_line: 509
expression: output
input_file: crates/shinier_rb_formatter/tests/ruby/node/case_node.rb
---
****FORMATTED****
case true
when false
end
case true
when false
  puts(false)
end

****AST****
ProgramNode: "case true\nwhen false\nend\n\ncase true\nwhen false\n  puts false\nend"
__CaseNode: "case true\nwhen false\nend"
____TrueNode: "true"
____WhenNode: "when false"
______FalseNode: "false"
__CaseNode: "case true\nwhen false\n  puts false\nend"
____TrueNode: "true"
____WhenNode: "when false\n  puts false"
______FalseNode: "false"
______CallNode: "puts false"
________FalseNode: "false"
