---
source: crates/shinier_rb_formatter/tests/snapshot_test.rs
assertion_line: 509
expression: output
input_file: crates/shinier_rb_formatter/tests/ruby/node/block_parameters_node.rb
---
****FORMATTED****
->(a, b = 1; local) {  }
foo{ |a, b = 1; local| }

****AST****
ProgramNode: "-> (a, b = 1; local) { }\n\nfoo do |a, b = 1; local|\nend"
__LambdaNode: "-> (a, b = 1; local) { }"
____BlockParametersNode: "(a, b = 1; local)"
______RequiredParameterNode: "a"
______OptionalParameterNode: "b = 1"
________IntegerNode: "1"
______BlockLocalVariableNode: "local"
__CallNode: "foo do |a, b = 1; local|\nend"
____BlockNode: "do |a, b = 1; local|\nend"
______BlockParametersNode: "|a, b = 1; local|"
________RequiredParameterNode: "a"
________OptionalParameterNode: "b = 1"
__________IntegerNode: "1"
________BlockLocalVariableNode: "local"
