---
source: crates/shinier_rb_formatter/tests/snapshot_test.rs
expression: output
input_file: crates/shinier_rb_formatter/tests/ruby/node/begin_node.rb
---
begin
end
begin
  foo
end
begin
  foo
rescue  =>
e
  handle(e)
end
begin
  foo
ensure
  cleanup
end
begin
  try_block
rescue 
  rescue_block
else
  else_block
end
begin
  begin
    inner
  rescue 
    inner_rescue
  end
rescue 
  outer_rescue
end
