---
source: crates/shinier_rb_formatter/tests/snapshot_test.rs
assertion_line: 509
expression: output
input_file: crates/shinier_rb_formatter/tests/ruby/node/it_local_variable_read_node.rb
---
****FORMATTED****
-> { it }

****AST****
ProgramNode: "-> { it }"
__LambdaNode: "-> { it }"
____ItParametersNode: "-> { it }"
____StatementsNode: "it"
______ItLocalVariableReadNode: "it"
