---
source: crates/shinier_rb_formatter/tests/snapshot_test.rs
assertion_line: 211
expression: output
input_file: crates/shinier_rb_formatter/tests/ruby/node_variants/string_node.rb
---
****FORMATTED****
'foo'
['foo']
"foo #{bar} baz"

# single quotes
'foo'
# double quotes
'foo'

# single quotes with escaped single quote
"foo'bar'baz"
# double quotes with escaped double quote
'foo"bar"baz'

# single quotes with escaped backslash
'f\\o\\o'
# double quotes with escaped backslash
'f\\o\\o'

# single quotes with escaped tab
'\\t'
# double quotes with escaped tab
"\t"


****AST****
ProgramNode[0-366]: "\"foo\"\n%w[foo]\n\"foo #{bar} baz\"\n\n# single quotes\n\'foo\'\n# double quotes\n\"foo\"\n\n# single quotes with escaped single quote\n\'foo\\\'bar\\\'baz\'\n# double quotes with escaped double quote\n\"foo\\\"bar\\\"baz\"\n\n# single quotes with escaped backslash\n\'f\\o\\o\'\n# double quotes with escaped backslash\n\"f\\\\o\\\\o\"\n\n# single quotes with escaped tab\n\'\\t\'\n# double quotes with escaped tab\n\"\\t\""
__StringNode[0-5]: "\"foo\""
__ArrayNode[6-13]: "%w[foo]"
____StringNode[9-12]: "foo"
__InterpolatedStringNode[14-30]: "\"foo #{bar} baz\""
____StringNode[15-19]: "foo "
____EmbeddedStatementsNode[19-25]: "#{bar}"
______CallNode[21-24]: "bar"
____StringNode[25-29]: " baz"
__StringNode[48-53]: "\'foo\'"
__StringNode[70-75]: "\"foo\""
__StringNode[119-134]: "\'foo\\\'bar\\\'baz\'"
__StringNode[177-192]: "\"foo\\\"bar\\\"baz\""
__StringNode[233-240]: "\'f\\o\\o\'"
__StringNode[280-289]: "\"f\\\\o\\\\o\""
__StringNode[324-328]: "\'\\t\'"
__StringNode[362-366]: "\"\\t\""
