---
source: crates/shinier_rb_formatter/tests/snapshot_test.rs
assertion_line: 509
expression: output
input_file: crates/shinier_rb_formatter/tests/ruby/node/else_node.rb
---
****FORMATTED****
begin
  try_block
rescue 
  rescue_block
else
  else_block
end
begin
  may_raise
rescue Foo => e
  handle_foo(e)
rescue 
  handle_any
else
  no_exception_path
ensure
  always_cleanup
end
begin
  foo
rescue 
  bar
else
  baz
end
begin
  begin
    inner_try
  rescue 
    inner_rescue
  else
    inner_else
  end
rescue 
  outer_rescue
end

****AST****
ProgramNode: "begin\n  try_block\nrescue\n  rescue_block\nelse\n  else_block\nend\n\n# multiple rescues with else and ensure\nbegin\n  may_raise\nrescue Foo => e\n  handle_foo(e)\nrescue\n  handle_any\nelse\n  no_exception_path\nensure\n  always_cleanup\nend\n\n# single-line form\nbegin; foo; rescue; bar; else; baz; end\n\n# nested begin with inner else\nbegin\n  begin\n    inner_try\n  rescue\n    inner_rescue\n  else\n    inner_else\n  end\nrescue\n  outer_rescue\nend"
__BeginNode: "begin\n  try_block\nrescue\n  rescue_block\nelse\n  else_block\nend"
____CallNode: "try_block"
____CallNode: "rescue_block"
____CallNode: "else_block"
__BeginNode: "begin\n  may_raise\nrescue Foo => e\n  handle_foo(e)\nrescue\n  handle_any\nelse\n  no_exception_path\nensure\n  always_cleanup\nend"
____CallNode: "may_raise"
____ConstantReadNode: "Foo"
____LocalVariableTargetNode: "e"
____CallNode: "handle_foo(e)"
______LocalVariableReadNode: "e"
____CallNode: "handle_any"
____CallNode: "no_exception_path"
____CallNode: "always_cleanup"
__BeginNode: "begin; foo; rescue; bar; else; baz; end"
____CallNode: "foo"
____CallNode: "bar"
____CallNode: "baz"
__BeginNode: "begin\n  begin\n    inner_try\n  rescue\n    inner_rescue\n  else\n    inner_else\n  end\nrescue\n  outer_rescue\nend"
____BeginNode: "begin\n    inner_try\n  rescue\n    inner_rescue\n  else\n    inner_else\n  end"
______CallNode: "inner_try"
______CallNode: "inner_rescue"
______CallNode: "inner_else"
____CallNode: "outer_rescue"
