---
source: crates/shinier_rb_formatter/tests/snapshot_test.rs
assertion_line: 509
expression: output
input_file: crates/shinier_rb_formatter/tests/ruby/node/undef_node.rb
---
****FORMATTED****
undef :foo, :bar, :baz

****AST****
ProgramNode: "undef :foo, :bar, :baz"
__UndefNode: "undef :foo, :bar, :baz"
____SymbolNode: ":foo"
____SymbolNode: ":bar"
____SymbolNode: ":baz"
