---
source: crates/shinier_rb_formatter/tests/snapshot_test.rs
assertion_line: 220
expression: output
input_file: crates/shinier_rb_formatter/tests/ruby/node_variants/case_node.rb
---
****FORMATTED****
case true
when true
end

# unnecessary line breaks
case true
when true
end

# long expressions
case
  very_long_expression_name_very_long_expression_name
when
  another_very_long_expression_name_another_very_long_expression_name
end

case # trailing comment 1
  foo # trailing comment 2
  # trailing comment 3
# leading comment 1
when
  1 # trailing comment 4
  # trailing comment 5
# leading comment 2
when
  2 # trailing comment 6
  # leading comment 3
  put 2 # trailing comment 7
  # trailing comment 8
# leading comment 4
else # trailing comment 9
  # leading comment 5
  puts bar # trailing comment 10
  # trailing comment 11
  # leading comment 12
end



****AST****
ProgramNode[0-652]: "case true\nwhen true\nend\n\n# unnecessary line breaks\ncase\n  true\nwhen\n  true\nend\n\n# long expressions\ncase very_long_expression_name_very_long_expression_name\nwhen another_very_long_expression_name_another_very_long_expression_name\nend\n\ncase # trailing comment 1\n  foo # trailing comment 2\n  # trailing comment 3\n# leading comment 1\nwhen 1 # trailing comment 4\n  # trailing comment 5\n# leading comment 2\nwhen 2 # trailing comment 6\n  # leading comment 3\n  put 2 # trailing comment 7\n  # trailing comment 8\n# leading comment 4\nelse # trailing comment 9\n  # leading comment 5\n  puts bar # trailing comment 10\n  # trailing comment 11\n# leading comment 12\nend"
__StatementsNode[0-652]: "case true\nwhen true\nend\n\n# unnecessary line breaks\ncase\n  true\nwhen\n  true\nend\n\n# long expressions\ncase very_long_expression_name_very_long_expression_name\nwhen another_very_long_expression_name_another_very_long_expression_name\nend\n\ncase # trailing comment 1\n  foo # trailing comment 2\n  # trailing comment 3\n# leading comment 1\nwhen 1 # trailing comment 4\n  # trailing comment 5\n# leading comment 2\nwhen 2 # trailing comment 6\n  # leading comment 3\n  put 2 # trailing comment 7\n  # trailing comment 8\n# leading comment 4\nelse # trailing comment 9\n  # leading comment 5\n  puts bar # trailing comment 10\n  # trailing comment 11\n# leading comment 12\nend"
____CaseNode[0-23]: "case true\nwhen true\nend"
______TrueNode[5-9]: "true"
______WhenNode[10-19]: "when true"
________TrueNode[15-19]: "true"
____CaseNode[51-78]: "case\n  true\nwhen\n  true\nend"
______TrueNode[58-62]: "true"
______WhenNode[63-74]: "when\n  true"
________TrueNode[70-74]: "true"
____CaseNode[99-232]: "case very_long_expression_name_very_long_expression_name\nwhen another_very_long_expression_name_another_very_long_expression_name\nend"
______CallNode[104-155]: "very_long_expression_name_very_long_expression_name"
______WhenNode[156-228]: "when another_very_long_expression_name_another_very_long_expression_name"
________CallNode[161-228]: "another_very_long_expression_name_another_very_long_expression_name"
____CaseNode[234-652]: "case # trailing comment 1\n  foo # trailing comment 2\n  # trailing comment 3\n# leading comment 1\nwhen 1 # trailing comment 4\n  # trailing comment 5\n# leading comment 2\nwhen 2 # trailing comment 6\n  # leading comment 3\n  put 2 # trailing comment 7\n  # trailing comment 8\n# leading comment 4\nelse # trailing comment 9\n  # leading comment 5\n  puts bar # trailing comment 10\n  # trailing comment 11\n# leading comment 12\nend"
______CallNode[262-265]: "foo"
______WhenNode[330-336]: "when 1"
________IntegerNode[335-336]: "1"
______WhenNode[401-458]: "when 2 # trailing comment 6\n  # leading comment 3\n  put 2"
________IntegerNode[406-407]: "2"
________StatementsNode[453-458]: "put 2"
__________CallNode[453-458]: "put 2"
____________ArgumentsNode[457-458]: "2"
______________IntegerNode[457-458]: "2"
______ElseNode[523-652]: "else # trailing comment 9\n  # leading comment 5\n  puts bar # trailing comment 10\n  # trailing comment 11\n# leading comment 12\nend"
________StatementsNode[573-581]: "puts bar"
__________CallNode[573-581]: "puts bar"
____________ArgumentsNode[578-581]: "bar"
______________CallNode[578-581]: "bar"
