---
source: crates/shinier_rb_formatter/tests/snapshot_test.rs
assertion_line: 211
expression: output
input_file: crates/shinier_rb_formatter/tests/ruby/node_variants/array_node.rb
---
****FORMATTED****
[1, 2, 3]

# empty array
[]

# single element array
[1]

# unnecessary commas
[1]

# unnecessary line breaks
[1]

# long array
[
  1000,
  2000,
  3000,
  4000,
  5000,
  6000,
  7000,
  8000,
  9000,
  10000,
  11000,
  12000,
  13000,
  14000,
  15000,
  16000,
  17000,
  18000,
  19000,
  20000
]

[
  1, # trailing comment 1
  2, # trailing comment 2
  # owning comment
  3
] # trailing comment 3

# percent literal arrays
%w[foo bar]
%W[foo #{bar}]
%i[foo bar]
%I[foo #{bar}]

# excessive percent literal arrays
[]
%w[foo, bar]
[]
%i[foo, bar]

# recommended percent literal arrays
%w[foo bar]
%i[foo bar]

# not recommended percent literal arrays
['foo']
[:foo]
['foo', :bar]

# escape sequences in percent literal arrays
%w[foo\sbar\t baz\n]


****AST****
ProgramNode[0-721]: "[1, 2, 3]\n\n# empty array\n[]\n\n# single element array\n[1]\n\n# unnecessary commas\n[1,]\n\n# unnecessary line breaks\n[\n  1\n]\n\n# long array\n[1000, 2000, 3000, 4000, 5000, 6000, 7000, 8000, 9000, 10000, 11000, 12000, 13000, 14000, 15000, 16000, 17000, 18000, 19000, 20000]\n\n[\n  1, # trailing comment 1\n  2, # trailing comment 2\n  # owning comment\n  3,\n] # trailing comment 3\n\n# percent literal arrays\n%w(foo bar)\n%W[foo #{bar}]\n%i{foo bar}\n%I\\foo #{bar}\\\n\n# excessive percent literal arrays\n%w()\n%W(foo, bar)\n%i()\n%I(foo, bar)\n\n# recommended percent literal arrays\n[\"foo\", \"bar\"]\n[:foo, :bar]\n\n# not recommended percent literal arrays\n[\"foo\"]\n[:foo]\n[\"foo\", :bar]\n\n# escape sequences in percent literal arrays\n%w(foo\\ bar\\t baz\\n)"
__ArrayNode[0-9]: "[1, 2, 3]"
____IntegerNode[1-2]: "1"
____IntegerNode[4-5]: "2"
____IntegerNode[7-8]: "3"
__ArrayNode[25-27]: "[]"
__ArrayNode[52-55]: "[1]"
____IntegerNode[53-54]: "1"
__ArrayNode[78-82]: "[1,]"
____IntegerNode[79-80]: "1"
__ArrayNode[110-117]: "[\n  1\n]"
____IntegerNode[114-115]: "1"
__ArrayNode[132-263]: "[1000, 2000, 3000, 4000, 5000, 6000, 7000, 8000, 9000, 10000, 11000, 12000, 13000, 14000, 15000, 16000, 17000, 18000, 19000, 20000]"
____IntegerNode[133-137]: "1000"
____IntegerNode[139-143]: "2000"
____IntegerNode[145-149]: "3000"
____IntegerNode[151-155]: "4000"
____IntegerNode[157-161]: "5000"
____IntegerNode[163-167]: "6000"
____IntegerNode[169-173]: "7000"
____IntegerNode[175-179]: "8000"
____IntegerNode[181-185]: "9000"
____IntegerNode[187-192]: "10000"
____IntegerNode[194-199]: "11000"
____IntegerNode[201-206]: "12000"
____IntegerNode[208-213]: "13000"
____IntegerNode[215-220]: "14000"
____IntegerNode[222-227]: "15000"
____IntegerNode[229-234]: "16000"
____IntegerNode[236-241]: "17000"
____IntegerNode[243-248]: "18000"
____IntegerNode[250-255]: "19000"
____IntegerNode[257-262]: "20000"
__ArrayNode[265-344]: "[\n  1, # trailing comment 1\n  2, # trailing comment 2\n  # owning comment\n  3,\n]"
____IntegerNode[269-270]: "1"
____IntegerNode[295-296]: "2"
____IntegerNode[340-341]: "3"
__ArrayNode[392-403]: "%w(foo bar)"
____StringNode[395-398]: "foo"
____StringNode[399-402]: "bar"
__ArrayNode[404-418]: "%W[foo #{bar}]"
____StringNode[407-410]: "foo"
____InterpolatedStringNode[411-417]: "#{bar}"
______EmbeddedStatementsNode[411-417]: "#{bar}"
________CallNode[413-416]: "bar"
__ArrayNode[419-430]: "%i{foo bar}"
____SymbolNode[422-425]: "foo"
____SymbolNode[426-429]: "bar"
__ArrayNode[431-445]: "%I\\foo #{bar}\\"
____SymbolNode[434-437]: "foo"
____InterpolatedSymbolNode[438-444]: "#{bar}"
______EmbeddedStatementsNode[438-444]: "#{bar}"
________CallNode[440-443]: "bar"
__ArrayNode[482-486]: "%w()"
__ArrayNode[487-499]: "%W(foo, bar)"
____StringNode[490-494]: "foo,"
____StringNode[495-498]: "bar"
__ArrayNode[500-504]: "%i()"
__ArrayNode[505-517]: "%I(foo, bar)"
____SymbolNode[508-512]: "foo,"
____SymbolNode[513-516]: "bar"
__ArrayNode[556-570]: "[\"foo\", \"bar\"]"
____StringNode[557-562]: "\"foo\""
____StringNode[564-569]: "\"bar\""
__ArrayNode[571-583]: "[:foo, :bar]"
____SymbolNode[572-576]: ":foo"
____SymbolNode[578-582]: ":bar"
__ArrayNode[626-633]: "[\"foo\"]"
____StringNode[627-632]: "\"foo\""
__ArrayNode[634-640]: "[:foo]"
____SymbolNode[635-639]: ":foo"
__ArrayNode[641-654]: "[\"foo\", :bar]"
____StringNode[642-647]: "\"foo\""
____SymbolNode[649-653]: ":bar"
__ArrayNode[701-721]: "%w(foo\\ bar\\t baz\\n)"
____StringNode[704-714]: "foo\\ bar\\t"
____StringNode[715-720]: "baz\\n"
