---
source: crates/shinier_rb_formatter/tests/snapshot_test.rs
assertion_line: 9
expression: output
input_file: crates/shinier_rb_formatter/tests/ruby/node/multi_write_node.rb
---
a, b, c = [1, 2, 3]
*a, b, c = [1, 2, 3]
a, *b, c = [1, 2, 3]
a, b, *c = [1, 2, 3]
*a, b = [1, 2]
a, *b = [1, 2]
*a = 1
