---
source: crates/shinier_rb_formatter/tests/snapshot_test.rs
assertion_line: 220
expression: output
input_file: crates/shinier_rb_formatter/tests/ruby/node_variants/alias_method_node.rb
---
****FORMATTED****
alias foo bar

# unnecessary line break
alias foo bar

# long expression
alias
  foofoofoofoofoofoofoofoofoofoofoofoofoofoofoofoofoofoofoofoo barbarbarbarbarbarbarbarbarbarbarbarbarbarbarbarbarbarbarbar

alias # owning comment
  foo bar
alias
  # owning comment 1
  # owning comment 2
  foo bar
alias
  # block comment 1
  # block comment 2
  foo bar
alias
  # block comment 1
  # block comment 2
  foofoofoofoofoofoofoofoofoofoofoofoofoofoofoofoofoofoofoofoo barbarbarbarbarbarbarbarbarbarbarbarbarbarbarbarbarbarbarbar
alias foo bar # trailing comment
alias foo bar # trailing comment
alias
  foofoofoofoofoofoofoofoofoofoofoofoofoofoofoofoofoofoofoofoo barbarbarbarbarbarbarbarbarbarbarbarbarbarbarbarbarbarbarbar # trailing comment


****AST****
ProgramNode[0-724]: "alias foo bar\n\n# unnecessary line break\nalias\n  foo bar\n\n# long expression\nalias foofoofoofoofoofoofoofoofoofoofoofoofoofoofoofoofoofoofoofoo barbarbarbarbarbarbarbarbarbarbarbarbarbarbarbarbarbarbarbar\n\nalias # owning comment\n  foo bar\nalias\n  # owning comment 1\n  # owning comment 2\n  foo bar\nalias\n=begin\nblock comment 1\nblock comment 2\n=end\n  foo bar\nalias\n=begin\nblock comment 1\nblock comment 2\n=end\n  foofoofoofoofoofoofoofoofoofoofoofoofoofoofoofoofoofoofoofoo barbarbarbarbarbarbarbarbarbarbarbarbarbarbarbarbarbarbarbar\nalias foo bar # trailing comment\nalias\n  foo bar # trailing comment\nalias foofoofoofoofoofoofoofoofoofoofoofoofoofoofoofoofoofoofoofoo barbarbarbarbarbarbarbarbarbarbarbarbarbarbarbarbarbarbarbar"
__StatementsNode[0-724]: "alias foo bar\n\n# unnecessary line break\nalias\n  foo bar\n\n# long expression\nalias foofoofoofoofoofoofoofoofoofoofoofoofoofoofoofoofoofoofoofoo barbarbarbarbarbarbarbarbarbarbarbarbarbarbarbarbarbarbarbar\n\nalias # owning comment\n  foo bar\nalias\n  # owning comment 1\n  # owning comment 2\n  foo bar\nalias\n=begin\nblock comment 1\nblock comment 2\n=end\n  foo bar\nalias\n=begin\nblock comment 1\nblock comment 2\n=end\n  foofoofoofoofoofoofoofoofoofoofoofoofoofoofoofoofoofoofoofoo barbarbarbarbarbarbarbarbarbarbarbarbarbarbarbarbarbarbarbar\nalias foo bar # trailing comment\nalias\n  foo bar # trailing comment\nalias foofoofoofoofoofoofoofoofoofoofoofoofoofoofoofoofoofoofoofoo barbarbarbarbarbarbarbarbarbarbarbarbarbarbarbarbarbarbarbar"
____AliasMethodNode[0-13]: "alias foo bar"
______SymbolNode[6-9]: "foo"
______SymbolNode[10-13]: "bar"
____AliasMethodNode[40-55]: "alias\n  foo bar"
______SymbolNode[48-51]: "foo"
______SymbolNode[52-55]: "bar"
____AliasMethodNode[75-202]: "alias foofoofoofoofoofoofoofoofoofoofoofoofoofoofoofoofoofoofoofoo barbarbarbarbarbarbarbarbarbarbarbarbarbarbarbarbarbarbarbar"
______SymbolNode[81-141]: "foofoofoofoofoofoofoofoofoofoofoofoofoofoofoofoofoofoofoofoo"
______SymbolNode[142-202]: "barbarbarbarbarbarbarbarbarbarbarbarbarbarbarbarbarbarbarbar"
____AliasMethodNode[204-236]: "alias # owning comment\n  foo bar"
______SymbolNode[229-232]: "foo"
______SymbolNode[233-236]: "bar"
____AliasMethodNode[237-294]: "alias\n  # owning comment 1\n  # owning comment 2\n  foo bar"
______SymbolNode[287-290]: "foo"
______SymbolNode[291-294]: "bar"
____AliasMethodNode[295-354]: "alias\n=begin\nblock comment 1\nblock comment 2\n=end\n  foo bar"
______SymbolNode[347-350]: "foo"
______SymbolNode[351-354]: "bar"
____AliasMethodNode[355-528]: "alias\n=begin\nblock comment 1\nblock comment 2\n=end\n  foofoofoofoofoofoofoofoofoofoofoofoofoofoofoofoofoofoofoofoo barbarbarbarbarbarbarbarbarbarbarbarbarbarbarbarbarbarbarbar"
______SymbolNode[407-467]: "foofoofoofoofoofoofoofoofoofoofoofoofoofoofoofoofoofoofoofoo"
______SymbolNode[468-528]: "barbarbarbarbarbarbarbarbarbarbarbarbarbarbarbarbarbarbarbar"
____AliasMethodNode[529-542]: "alias foo bar"
______SymbolNode[535-538]: "foo"
______SymbolNode[539-542]: "bar"
____AliasMethodNode[562-577]: "alias\n  foo bar"
______SymbolNode[570-573]: "foo"
______SymbolNode[574-577]: "bar"
____AliasMethodNode[597-724]: "alias foofoofoofoofoofoofoofoofoofoofoofoofoofoofoofoofoofoofoofoo barbarbarbarbarbarbarbarbarbarbarbarbarbarbarbarbarbarbarbar"
______SymbolNode[603-663]: "foofoofoofoofoofoofoofoofoofoofoofoofoofoofoofoofoofoofoofoo"
______SymbolNode[664-724]: "barbarbarbarbarbarbarbarbarbarbarbarbarbarbarbarbarbarbarbar"
