---
source: crates/shinier_rb_formatter/tests/snapshot_test.rs
assertion_line: 509
expression: output
input_file: crates/shinier_rb_formatter/tests/ruby/node/block_argument_node.rb
---
****FORMATTED****
foo(&block_arg)&block_arg
foo(arg_0, &block_arg)&block_arg
foo(arg_0, arg_1, &block_arg)&block_arg
bar{ |x| x }

****AST****
ProgramNode: "foo(&block_arg)\nfoo(arg_0, &block_arg)\nfoo(arg_0, arg_1, &block_arg)\nbar {|x| x}"
__CallNode: "foo(&block_arg)"
____BlockArgumentNode: "&block_arg"
______CallNode: "block_arg"
__CallNode: "foo(arg_0, &block_arg)"
____CallNode: "arg_0"
____BlockArgumentNode: "&block_arg"
______CallNode: "block_arg"
__CallNode: "foo(arg_0, arg_1, &block_arg)"
____CallNode: "arg_0"
____CallNode: "arg_1"
____BlockArgumentNode: "&block_arg"
______CallNode: "block_arg"
__CallNode: "bar {|x| x}"
____BlockNode: "{|x| x}"
______BlockParametersNode: "|x|"
________RequiredParameterNode: "x"
______StatementsNode: "x"
________LocalVariableReadNode: "x"
