---
source: crates/shinier_rb_formatter/tests/snapshot_test.rs
assertion_line: 9
expression: output
input_file: crates/shinier_rb_formatter/tests/ruby/node/module_node.rb
---
module Foo end
module Bar end
module Baz
  def hello
    puts("Hello")
  end
  def world
    puts("World")
  end
end
module Nested::Module::Path end
module VeryLongModuleNameThatShouldBeFormattedNicely
  include(SomeModule)
  extend(AnotherModule)
  CONSTANT = 42
  def method_one end
  def method_two end
end
