---
source: crates/shinier_rb_formatter/tests/snapshot_test.rs
assertion_line: 509
expression: output
input_file: crates/shinier_rb_formatter/tests/ruby/node/multi_target_node.rb
---
****FORMATTED****
a, (b, c) = [1, 2, 3]
for (a, b) in [[1, 2], [3, 4]] end
a,
(
  b,
  c,
  d,
  e,
  f,
  g,
  h,
  i,
  j,
  k,
  l,
  m,
  n,
  o,
  p,
  q,
  r,
  s,
  t,
  u,
  v,
  w,
  x,
  y,
  z
) =
[
  1,
  2,
  3,
  4,
  5,
  6,
  7,
  8,
  9,
  10,
  11,
  12,
  13,
  14,
  15,
  16,
  17,
  18,
  19,
  20,
  21,
  22,
  23,
  24,
  25,
  26
]

****AST****
ProgramNode: "a, (b, c) = 1, 2, 3\nfor a, b in [[1, 2], [3, 4]] end\n\na, (b, c, d, e, f, g, h, i, j, k, l, m, n, o, p, q, r, s, t, u, v, w, x, y, z) = 1, 2, 3, 4, 5, 6, 7, 8, 9, 10, 11, 12, 13, 14, 15, 16, 17, 18, 19, 20, 21, 22, 23, 24, 25, 26"
__MultiWriteNode: "a, (b, c) = 1, 2, 3"
____LocalVariableTargetNode: "a"
____MultiTargetNode: "(b, c)"
______LocalVariableTargetNode: "b"
______LocalVariableTargetNode: "c"
____ArrayNode: "1, 2, 3"
______IntegerNode: "1"
______IntegerNode: "2"
______IntegerNode: "3"
__ForNode: "for a, b in [[1, 2], [3, 4]] end"
____MultiTargetNode: "a, b"
______LocalVariableTargetNode: "a"
______LocalVariableTargetNode: "b"
____ArrayNode: "[[1, 2], [3, 4]]"
______ArrayNode: "[1, 2]"
________IntegerNode: "1"
________IntegerNode: "2"
______ArrayNode: "[3, 4]"
________IntegerNode: "3"
________IntegerNode: "4"
__MultiWriteNode: "a, (b, c, d, e, f, g, h, i, j, k, l, m, n, o, p, q, r, s, t, u, v, w, x, y, z) = 1, 2, 3, 4, 5, 6, 7, 8, 9, 10, 11, 12, 13, 14, 15, 16, 17, 18, 19, 20, 21, 22, 23, 24, 25, 26"
____LocalVariableTargetNode: "a"
____MultiTargetNode: "(b, c, d, e, f, g, h, i, j, k, l, m, n, o, p, q, r, s, t, u, v, w, x, y, z)"
______LocalVariableTargetNode: "b"
______LocalVariableTargetNode: "c"
______LocalVariableTargetNode: "d"
______LocalVariableTargetNode: "e"
______LocalVariableTargetNode: "f"
______LocalVariableTargetNode: "g"
______LocalVariableTargetNode: "h"
______LocalVariableTargetNode: "i"
______LocalVariableTargetNode: "j"
______LocalVariableTargetNode: "k"
______LocalVariableTargetNode: "l"
______LocalVariableTargetNode: "m"
______LocalVariableTargetNode: "n"
______LocalVariableTargetNode: "o"
______LocalVariableTargetNode: "p"
______LocalVariableTargetNode: "q"
______LocalVariableTargetNode: "r"
______LocalVariableTargetNode: "s"
______LocalVariableTargetNode: "t"
______LocalVariableTargetNode: "u"
______LocalVariableTargetNode: "v"
______LocalVariableTargetNode: "w"
______LocalVariableTargetNode: "x"
______LocalVariableTargetNode: "y"
______LocalVariableTargetNode: "z"
____ArrayNode: "1, 2, 3, 4, 5, 6, 7, 8, 9, 10, 11, 12, 13, 14, 15, 16, 17, 18, 19, 20, 21, 22, 23, 24, 25, 26"
______IntegerNode: "1"
______IntegerNode: "2"
______IntegerNode: "3"
______IntegerNode: "4"
______IntegerNode: "5"
______IntegerNode: "6"
______IntegerNode: "7"
______IntegerNode: "8"
______IntegerNode: "9"
______IntegerNode: "10"
______IntegerNode: "11"
______IntegerNode: "12"
______IntegerNode: "13"
______IntegerNode: "14"
______IntegerNode: "15"
______IntegerNode: "16"
______IntegerNode: "17"
______IntegerNode: "18"
______IntegerNode: "19"
______IntegerNode: "20"
______IntegerNode: "21"
______IntegerNode: "22"
______IntegerNode: "23"
______IntegerNode: "24"
______IntegerNode: "25"
______IntegerNode: "26"
