---
source: crates/shinier_rb_formatter/tests/snapshot_test.rs
assertion_line: 206
expression: output
input_file: crates/shinier_rb_formatter/tests/ruby/node_variants/arguments_node.rb
---
****FORMATTED****
return foo, bar, baz

# unnecessary line breaks
return foo, bar, baz
return foo, bar, baz

# long argument list
return foo,
  bar,
  baz,
  foo,
  bar,
  baz,
  foo,
  bar,
  baz,
  foo,
  bar,
  baz,
  foo,
  bar,
  baz,
  foo,
  bar,
  baz,
  foo,
  bar,
  baz,
  foo,
  bar,
  baz

return foo,
  # owning comment
  bar, # trailing comment 1
  baz # trailing comment 2


****AST****
ProgramNode: "return foo, bar, baz\n\n# unnecessary line breaks\nreturn foo, bar,\nbaz\nreturn foo,\nbar,\nbaz\n\n# long argument list\nreturn foo, bar, baz, foo, bar, baz, foo, bar, baz, foo, bar, baz, foo, bar, baz, foo, bar, baz, foo, bar, baz, foo, bar, baz\n\nreturn foo,\n  # owning comment\n  bar, # trailing comment 1\n  baz"
__ReturnNode: "return foo, bar, baz"
____CallNode: "foo"
____CallNode: "bar"
____CallNode: "baz"
__ReturnNode: "return foo, bar,\nbaz"
____CallNode: "foo"
____CallNode: "bar"
____CallNode: "baz"
__ReturnNode: "return foo,\nbar,\nbaz"
____CallNode: "foo"
____CallNode: "bar"
____CallNode: "baz"
__ReturnNode: "return foo, bar, baz, foo, bar, baz, foo, bar, baz, foo, bar, baz, foo, bar, baz, foo, bar, baz, foo, bar, baz, foo, bar, baz"
____CallNode: "foo"
____CallNode: "bar"
____CallNode: "baz"
____CallNode: "foo"
____CallNode: "bar"
____CallNode: "baz"
____CallNode: "foo"
____CallNode: "bar"
____CallNode: "baz"
____CallNode: "foo"
____CallNode: "bar"
____CallNode: "baz"
____CallNode: "foo"
____CallNode: "bar"
____CallNode: "baz"
____CallNode: "foo"
____CallNode: "bar"
____CallNode: "baz"
____CallNode: "foo"
____CallNode: "bar"
____CallNode: "baz"
____CallNode: "foo"
____CallNode: "bar"
____CallNode: "baz"
__ReturnNode: "return foo,\n  # owning comment\n  bar, # trailing comment 1\n  baz"
____CallNode: "foo"
____CallNode: "bar"
____CallNode: "baz"
